Component: ARM Compiler 5.06 update 5 (build 528) Tool: armlink [4d35e2]

==============================================================================

Section Cross References

    main.o(i.dht11_task) refers to _printf_percent.o(.ARM.Collect$$_printf_percent$$00000000) for _printf_percent
    main.o(i.dht11_task) refers to _printf_d.o(.ARM.Collect$$_printf_percent$$00000009) for _printf_d
    main.o(i.dht11_task) refers to _printf_dec.o(.text) for _printf_int_dec
    main.o(i.dht11_task) refers to dht11.o(i.DHT11_REC_Data) for DHT11_REC_Data
    main.o(i.dht11_task) refers to noretval__2printf.o(.text) for __2printf
    main.o(i.dht11_task) refers to tasks.o(i.vTaskDelay) for vTaskDelay
    main.o(i.dht11_task) refers to dht11.o(.bss) for rec_data
    main.o(i.dht11_task) refers to porttcp.o(.bss) for usRegHoldingBuf
    main.o(i.im1281b_task) refers to im1281b.o(i.read_data) for read_data
    main.o(i.im1281b_task) refers to im1281b.o(i.Analysis_data) for Analysis_data
    main.o(i.im1281b_task) refers to tasks.o(i.vTaskDelay) for vTaskDelay
    main.o(i.im1281b_task) refers to im1281b.o(.data) for receive_finished
    main.o(i.jdq_task) refers to noretval__2printf.o(.text) for __2printf
    main.o(i.jdq_task) refers to jdq.o(i.relay_off) for relay_off
    main.o(i.jdq_task) refers to jdq.o(i.relay_on) for relay_on
    main.o(i.jdq_task) refers to tasks.o(i.vTaskDelay) for vTaskDelay
    main.o(i.jdq_task) refers to porttcp.o(.data) for ucRegCoilsBuf
    main.o(i.main) refers to misc.o(i.NVIC_PriorityGroupConfig) for NVIC_PriorityGroupConfig
    main.o(i.main) refers to delay.o(i.delay_init) for delay_init
    main.o(i.main) refers to usart.o(i.uart_init) for uart_init
    main.o(i.main) refers to im1281b.o(i.usart3_init) for usart3_init
    main.o(i.main) refers to spi.o(i.spi_init) for spi_init
    main.o(i.main) refers to jdq.o(i.relay_init) for relay_init
    main.o(i.main) refers to wizchip_conf.o(i.W5500_ChipInit) for W5500_ChipInit
    main.o(i.main) refers to tasks.o(i.xTaskCreate) for xTaskCreate
    main.o(i.main) refers to tasks.o(i.vTaskStartScheduler) for vTaskStartScheduler
    main.o(i.main) refers to main.o(.data) for StartTask_Handler
    main.o(i.main) refers to main.o(i.start_task) for start_task
    main.o(i.start_task) refers to port.o(i.vPortEnterCritical) for vPortEnterCritical
    main.o(i.start_task) refers to tasks.o(i.xTaskCreate) for xTaskCreate
    main.o(i.start_task) refers to tasks.o(i.vTaskDelete) for vTaskDelete
    main.o(i.start_task) refers to port.o(i.vPortExitCritical) for vPortExitCritical
    main.o(i.start_task) refers to main.o(.data) for TcpSeverTask_Handler
    main.o(i.start_task) refers to main.o(i.tcpsever_task) for tcpsever_task
    main.o(i.start_task) refers to main.o(i.dht11_task) for dht11_task
    main.o(i.start_task) refers to main.o(i.jdq_task) for jdq_task
    main.o(i.start_task) refers to main.o(i.im1281b_task) for im1281b_task
    main.o(i.tcpsever_task) refers to mb.o(i.eMBTCPInit) for eMBTCPInit
    main.o(i.tcpsever_task) refers to mb.o(i.eMBEnable) for eMBEnable
    main.o(i.tcpsever_task) refers to w5500.o(i.WIZCHIP_READ) for WIZCHIP_READ
    main.o(i.tcpsever_task) refers to noretval__2printf.o(.text) for __2printf
    main.o(i.tcpsever_task) refers to socket.o(i.socket) for socket
    main.o(i.tcpsever_task) refers to socket.o(i.listen) for listen
    main.o(i.tcpsever_task) refers to w5500.o(i.WIZCHIP_WRITE) for WIZCHIP_WRITE
    main.o(i.tcpsever_task) refers to w5500.o(i.getSn_RX_RSR) for getSn_RX_RSR
    main.o(i.tcpsever_task) refers to rt_memclr.o(.text) for __aeabi_memclr
    main.o(i.tcpsever_task) refers to socket.o(i.recv) for recv
    main.o(i.tcpsever_task) refers to portevent.o(i.xMBPortEventPost) for xMBPortEventPost
    main.o(i.tcpsever_task) refers to mb.o(i.eMBPoll) for eMBPoll
    main.o(i.tcpsever_task) refers to socket.o(i.send) for send
    main.o(i.tcpsever_task) refers to socket.o(i.close) for close
    main.o(i.tcpsever_task) refers to tasks.o(i.vTaskDelay) for vTaskDelay
    main.o(i.tcpsever_task) refers to main.o(.data) for ucTCPRequestLen
    main.o(i.tcpsever_task) refers to main.o(.bss) for ucTCPRequestFrame
    system_stm32f10x.o(i.SetSysClock) refers to system_stm32f10x.o(i.SetSysClockTo72) for SetSysClockTo72
    system_stm32f10x.o(i.SystemCoreClockUpdate) refers to system_stm32f10x.o(.data) for SystemCoreClock
    system_stm32f10x.o(i.SystemInit) refers to system_stm32f10x.o(i.SetSysClock) for SetSysClock
    led.o(i.LED_Init) refers to stm32f10x_rcc.o(i.RCC_APB2PeriphClockCmd) for RCC_APB2PeriphClockCmd
    led.o(i.LED_Init) refers to stm32f10x_gpio.o(i.GPIO_Init) for GPIO_Init
    led.o(i.LED_Init) refers to stm32f10x_gpio.o(i.GPIO_SetBits) for GPIO_SetBits
    im1281b.o(i.Analysis_data) refers to _printf_percent.o(.ARM.Collect$$_printf_percent$$00000000) for _printf_percent
[...]
    usMBSlaveIDLen                           0x2000013c   Data           2  mbfuncother.o(.data)
    .data                                    0x20000140   Section      181  mb.o(.data)
    ucMBAddress                              0x20000140   Data           1  mb.o(.data)
    eMBCurrentMode                           0x20000141   Data           1  mb.o(.data)
    eMBState                                 0x20000142   Data           1  mb.o(.data)
    peMBFrameSendCur                         0x20000144   Data           4  mb.o(.data)
    pvMBFrameStartCur                        0x20000148   Data           4  mb.o(.data)
    pvMBFrameStopCur                         0x2000014c   Data           4  mb.o(.data)
    peMBFrameReceiveCur                      0x20000150   Data           4  mb.o(.data)
    pvMBFrameCloseCur                        0x20000154   Data           4  mb.o(.data)
    xFuncHandlers                            0x2000016c   Data         128  mb.o(.data)
    ucMBFrame                                0x200001ec   Data           4  mb.o(.data)
    ucRcvAddress                             0x200001f0   Data           1  mb.o(.data)
    ucFunctionCode                           0x200001f1   Data           1  mb.o(.data)
    usLength                                 0x200001f2   Data           2  mb.o(.data)
    eException                               0x200001f4   Data           1  mb.o(.data)
    .data                                    0x200001f5   Section        2  portevent.o(.data)
    eQueuedEvent                             0x200001f5   Data           1  portevent.o(.data)
    xEventInQueue                            0x200001f6   Data           1  portevent.o(.data)
    .data                                    0x200001f7   Section        1  porttcp.o(.data)
    .bss                                     0x200001f8   Section     4096  main.o(.bss)
    .bss                                     0x200011f8   Section      480  im1281b.o(.bss)
    .bss                                     0x200013d8   Section       16  dht11.o(.bss)
    .bss                                     0x200013e8   Section       16  socket.o(.bss)
    sock_remained_size                       0x200013e8   Data          16  socket.o(.bss)
    .bss                                     0x200013f8   Section      200  usart.o(.bss)
    .bss                                     0x200014c0   Section       64  queue.o(.bss)
    .bss                                     0x20001500   Section      740  tasks.o(.bss)
    pxReadyTasksLists                        0x20001500   Data         640  tasks.o(.bss)
    xDelayedTaskList1                        0x20001780   Data          20  tasks.o(.bss)
    xDelayedTaskList2                        0x20001794   Data          20  tasks.o(.bss)
    xPendingReadyList                        0x200017a8   Data          20  tasks.o(.bss)
    xTasksWaitingTermination                 0x200017bc   Data          20  tasks.o(.bss)
    xSuspendedTaskList                       0x200017d0   Data          20  tasks.o(.bss)
    .bss                                     0x200017e4   Section       40  timers.o(.bss)
    xActiveTimerList1                        0x200017e4   Data          20  timers.o(.bss)
    xActiveTimerList2                        0x200017f8   Data          20  timers.o(.bss)
    .bss                                     0x2000180c   Section    10240  heap_4.o(.bss)
    ucHeap                                   0x2000180c   Data       10240  heap_4.o(.bss)
    .bss                                     0x2000400c   Section       32  mbfuncother.o(.bss)
    ucMBSlaveID                              0x2000400c   Data          32  mbfuncother.o(.bss)
    .bss                                     0x2000402c   Section       84  porttcp.o(.bss)
    .bss                                     0x20004080   Section       96  libspace.o(.bss)
    HEAP                                     0x200040e0   Section      512  startup_stm32f10x_md.o(HEAP)
    Heap_Mem                                 0x200040e0   Data         512  startup_stm32f10x_md.o(HEAP)
    STACK                                    0x200042e0   Section     1024  startup_stm32f10x_md.o(STACK)
    Stack_Mem                                0x200042e0   Data        1024  startup_stm32f10x_md.o(STACK)
    __initial_sp                             0x200046e0   Data           0  startup_stm32f10x_md.o(STACK)

    Global Symbols

    Symbol Name                              Value     Ov Type        Size  Object(Section)

    BuildAttributes$$THM_ISAv4$P$D$K$B$S$PE$A:L22UL41UL21$X:L11$S22US41US21$IEEE1$IW$USESV6$~STKCKD$USESV7$~SHL$OSPACE$ROPI$EBA8$UX$STANDARDLIB$REQ8$PRES8$EABIv2 0x00000000   Number         0  anon$$obj.o ABSOLUTE
    __ARM_use_no_argv                        0x00000000   Number         0  main.o ABSOLUTE
    _printf_flags                            0x00000000   Number         0  printf_stubs.o ABSOLUTE
    _printf_return_value                     0x00000000   Number         0  printf_stubs.o ABSOLUTE
    _printf_sizespec                         0x00000000   Number         0  printf_stubs.o ABSOLUTE
    _printf_widthprec                        0x00000000   Number         0  printf_stubs.o ABSOLUTE
    __ARM_exceptions_init                     - Undefined Weak Reference
    __alloca_initialize                       - Undefined Weak Reference
    __arm_preinit_                            - Undefined Weak Reference
    __cpp_initialize__aeabi_                  - Undefined Weak Reference
    __cxa_finalize                            - Undefined Weak Reference
    __rt_locale                               - Undefined Weak Reference
    __sigvec_lookup                           - Undefined Weak Reference
    _atexit_init                              - Undefined Weak Reference
    _call_atexit_fns                          - Undefined Weak Reference
    _clock_init                               - Undefined Weak Reference
    _fp_trap_init                             - Undefined Weak Reference
    _fp_trap_shutdown                         - Undefined Weak Reference
    _get_lc_collate                           - Undefined Weak Reference
    _get_lc_ctype                             - Undefined Weak Reference
    _get_lc_monetary                          - Undefined Weak Reference
    _get_lc_numeric                           - Undefined Weak Reference
    _get_lc_time                              - Undefined Weak Reference
    _getenv_init                              - Undefined Weak Reference
    _handle_redirection                       - Undefined Weak Reference
    _init_alloc                               - Undefined Weak Reference
    _init_user_alloc                          - Undefined Weak Reference
    _initio                                   - Undefined Weak Reference
    _mutex_acquire                            - Undefined Weak Reference
    _mutex_release                            - Undefined Weak Reference
    _printf_mbtowc                            - Undefined Weak Reference
    _printf_post_padding                      - Undefined Weak Reference
    _printf_pre_padding                       - Undefined Weak Reference
    _printf_truncate_signed                   - Undefined Weak Reference
    _printf_truncate_unsigned                 - Undefined Weak Reference
    _rand_init                                - Undefined Weak Reference
    _signal_finish                            - Undefined Weak Reference
    _signal_init                              - Undefined Weak Reference
    _terminate_alloc                          - Undefined Weak Reference
    _terminate_user_alloc                     - Undefined Weak Reference
    _terminateio                              - Undefined Weak Reference
    __Vectors_Size                           0x000000ec   Number         0  startup_stm32f10x_md.o ABSOLUTE
    __Vectors                                0x08000000   Data           4  startup_stm32f10x_md.o(RESET)
    __Vectors_End                            0x080000ec   Data           0  startup_stm32f10x_md.o(RESET)
    __main                                   0x080000ed   Thumb Code     8  __main.o(!!!main)
    __scatterload                            0x080000f5   Thumb Code     0  __scatter.o(!!!scatter)
    __scatterload_rt2                        0x080000f5   Thumb Code    44  __scatter.o(!!!scatter)
    __scatterload_rt2_thumb_only             0x080000f5   Thumb Code     0  __scatter.o(!!!scatter)
    __scatterload_null                       0x08000103   Thumb Code     0  __scatter.o(!!!scatter)
    __decompress                             0x08000129   Thumb Code    90  __dczerorl2.o(!!dczerorl2)
    __decompress1                            0x08000129   Thumb Code     0  __dczerorl2.o(!!dczerorl2)
    __scatterload_zeroinit                   0x08000185   Thumb Code    28  __scatter_zi.o(!!handler_zi)
    _printf_d                                0x080001a1   Thumb Code     0  _printf_d.o(.ARM.Collect$$_printf_percent$$00000009)
    _printf_percent                          0x080001a1   Thumb Code     0  _printf_percent.o(.ARM.Collect$$_printf_percent$$00000000)
    _printf_u                                0x080001a7   Thumb Code     0  _printf_u.o(.ARM.Collect$$_printf_percent$$0000000A)
    _printf_s                                0x080001ad   Thumb Code     0  _printf_s.o(.ARM.Collect$$_printf_percent$$00000014)
    _printf_percent_end                      0x080001b3   Thumb Code     0  _printf_percent_end.o(.ARM.Collect$$_printf_percent$$00000017)
    __rt_lib_init                            0x080001b7   Thumb Code     0  libinit.o(.ARM.Collect$$libinit$$00000000)
    __rt_lib_init_alloca_1                   0x080001b9   Thumb Code     0  libinit2.o(.ARM.Collect$$libinit$$0000002E)
    __rt_lib_init_argv_1                     0x080001b9   Thumb Code     0  libinit2.o(.ARM.Collect$$libinit$$0000002C)
    __rt_lib_init_atexit_1                   0x080001b9   Thumb Code     0  libinit2.o(.ARM.Collect$$libinit$$0000001B)
    __rt_lib_init_clock_1                    0x080001b9   Thumb Code     0  libinit2.o(.ARM.Collect$$libinit$$00000021)
    __rt_lib_init_cpp_1                      0x080001b9   Thumb Code     0  libinit2.o(.ARM.Collect$$libinit$$00000032)
    __rt_lib_init_exceptions_1               0x080001b9   Thumb Code     0  libinit2.o(.ARM.Collect$$libinit$$00000030)
    __rt_lib_init_fp_1                       0x080001b9   Thumb Code     0  libinit2.o(.ARM.Collect$$libinit$$00000002)
    __rt_lib_init_fp_trap_1                  0x080001b9   Thumb Code     0  libinit2.o(.ARM.Collect$$libinit$$0000001F)
    __rt_lib_init_getenv_1                   0x080001b9   Thumb Code     0  libinit2.o(.ARM.Collect$$libinit$$00000023)
    __rt_lib_init_heap_1                     0x080001b9   Thumb Code     0  libinit2.o(.ARM.Collect$$libinit$$0000000A)
    __rt_lib_init_lc_collate_1               0x080001b9   Thumb Code     0  libinit2.o(.ARM.Collect$$libinit$$00000011)
    __rt_lib_init_lc_ctype_1                 0x080001b9   Thumb Code     0  libinit2.o(.ARM.Collect$$libinit$$00000013)
    __rt_lib_init_lc_monetary_1              0x080001b9   Thumb Code     0  libinit2.o(.ARM.Collect$$libinit$$00000015)
    __rt_lib_init_lc_numeric_1               0x080001b9   Thumb Code     0  libinit2.o(.ARM.Collect$$libinit$$00000017)
    __rt_lib_init_lc_time_1                  0x080001b9   Thumb Code     0  libinit2.o(.ARM.Collect$$libinit$$00000019)
    __rt_lib_init_preinit_1                  0x080001b9   Thumb Code     0  libinit2.o(.ARM.Collect$$libinit$$00000004)
    __rt_lib_init_rand_1                     0x080001b9   Thumb Code     0  libinit2.o(.ARM.Collect$$libinit$$0000000E)
    __rt_lib_init_return                     0x080001b9   Thumb Code     0  libinit2.o(.ARM.Collect$$libinit$$00000033)
    __rt_lib_init_signal_1                   0x080001b9   Thumb Code     0  libinit2.o(.ARM.Collect$$libinit$$0000001D)
    __rt_lib_init_stdio_1                    0x080001b9   Thumb Code     0  libinit2.o(.ARM.Collect$$libinit$$00000025)
    __rt_lib_init_user_alloc_1               0x080001b9   Thumb Code     0  libinit2.o(.ARM.Collect$$libinit$$0000000C)
    __rt_lib_shutdown                        0x080001bb   Thumb Code     0  libshutdown.o(.ARM.Collect$$libshutdown$$00000000)
    __rt_lib_shutdown_cpp_1                  0x080001bd   Thumb Code     0  libshutdown2.o(.ARM.Collect$$libshutdown$$00000002)
    __rt_lib_shutdown_fp_trap_1              0x080001bd   Thumb Code     0  libshutdown2.o(.ARM.Collect$$libshutdown$$00000007)
    __rt_lib_shutdown_heap_1                 0x080001bd   Thumb Code     0  libshutdown2.o(.ARM.Collect$$libshutdown$$0000000F)
    __rt_lib_shutdown_return                 0x080001bd   Thumb Code     0  libshutdown2.o(.ARM.Collect$$libshutdown$$00000010)
    __rt_lib_shutdown_signal_1               0x080001bd   Thumb Code     0  libshutdown2.o(.ARM.Collect$$libshutdown$$0000000A)
    __rt_lib_shutdown_stdio_1                0x080001bd   Thumb Code     0  libshutdown2.o(.ARM.Collect$$libshutdown$$00000004)
    __rt_lib_shutdown_user_alloc_1           0x080001bd   Thumb Code     0  libshutdown2.o(.ARM.Collect$$libshutdown$$0000000C)
    __rt_entry                               0x080001bf   Thumb Code     0  __rtentry.o(.ARM.Collect$$rtentry$$00000000)
    __rt_entry_presh_1                       0x080001bf   Thumb Code     0  __rtentry2.o(.ARM.Collect$$rtentry$$00000002)
    __rt_entry_sh                            0x080001bf   Thumb Code     0  __rtentry4.o(.ARM.Collect$$rtentry$$00000004)
    __rt_entry_li                            0x080001c5   Thumb Code     0  __rtentry2.o(.ARM.Collect$$rtentry$$0000000A)
    __rt_entry_postsh_1                      0x080001c5   Thumb Code     0  __rtentry2.o(.ARM.Collect$$rtentry$$00000009)
    __rt_entry_main                          0x080001c9   Thumb Code     0  __rtentry2.o(.ARM.Collect$$rtentry$$0000000D)
    __rt_entry_postli_1                      0x080001c9   Thumb Code     0  __rtentry2.o(.ARM.Collect$$rtentry$$0000000C)
    __rt_exit                                0x080001d1   Thumb Code     0  rtexit.o(.ARM.Collect$$rtexit$$00000000)
    __rt_exit_ls                             0x080001d3   Thumb Code     0  rtexit2.o(.ARM.Collect$$rtexit$$00000003)
    __rt_exit_prels_1                        0x080001d3   Thumb Code     0  rtexit2.o(.ARM.Collect$$rtexit$$00000002)
    __rt_exit_exit                           0x080001d7   Thumb Code     0  rtexit2.o(.ARM.Collect$$rtexit$$00000004)
    SVC_Handler                              0x080001dd   Thumb Code    32  port.o(.emb_text)
    __asm___6_port_c_39a90d8d__prvStartFirstTask 0x08000201   Thumb Code    28  port.o(.emb_text)
    PendSV_Handler                           0x08000221   Thumb Code    72  port.o(.emb_text)
    vPortGetIPSR                             0x0800026d   Thumb Code     6  port.o(.emb_text)
    Reset_Handler                            0x08000275   Thumb Code     8  startup_stm32f10x_md.o(.text)
    ADC1_2_IRQHandler                        0x0800028f   Thumb Code     0  startup_stm32f10x_md.o(.text)
    CAN1_RX1_IRQHandler                      0x0800028f   Thumb Code     0  startup_stm32f10x_md.o(.text)
    CAN1_SCE_IRQHandler                      0x0800028f   Thumb Code     0  startup_stm32f10x_md.o(.text)
    DMA1_Channel1_IRQHandler                 0x0800028f   Thumb Code     0  startup_stm32f10x_md.o(.text)
    DMA1_Channel2_IRQHandler                 0x0800028f   Thumb Code     0  startup_stm32f10x_md.o(.text)
    DMA1_Channel3_IRQHandler                 0x0800028f   Thumb Code     0  startup_stm32f10x_md.o(.text)
    DMA1_Channel4_IRQHandler                 0x0800028f   Thumb Code     0  startup_stm32f10x_md.o(.text)
    DMA1_Channel5_IRQHandler                 0x0800028f   Thumb Code     0  startup_stm32f10x_md.o(.text)
    DMA1_Channel6_IRQHandler                 0x0800028f   Thumb Code     0  startup_stm32f10x_md.o(.text)
    DMA1_Channel7_IRQHandler                 0x0800028f   Thumb Code     0  startup_stm32f10x_md.o(.text)
    EXTI0_IRQHandler                         0x0800028f   Thumb Code     0  startup_stm32f10x_md.o(.text)
    EXTI15_10_IRQHandler                     0x0800028f   Thumb Code     0  startup_stm32f10x_md.o(.text)
    EXTI1_IRQHandler                         0x0800028f   Thumb Code     0  startup_stm32f10x_md.o(.text)
    EXTI2_IRQHandler                         0x0800028f   Thumb Code     0  startup_stm32f10x_md.o(.text)
    EXTI3_IRQHandler                         0x0800028f   Thumb Code     0  startup_stm32f10x_md.o(.text)
    EXTI4_IRQHandler                         0x0800028f   Thumb Code     0  startup_stm32f10x_md.o(.text)
    EXTI9_5_IRQHandler                       0x0800028f   Thumb Code     0  startup_stm32f10x_md.o(.text)
    FLASH_IRQHandler                         0x0800028f   Thumb Code     0  startup_stm32f10x_md.o(.text)
    I2C1_ER_IRQHandler                       0x0800028f   Thumb Code     0  startup_stm32f10x_md.o(.text)
    I2C1_EV_IRQHandler                       0x0800028f   Thumb Code     0  startup_stm32f10x_md.o(.text)
    I2C2_ER_IRQHandler                       0x0800028f   Thumb Code     0  startup_stm32f10x_md.o(.text)
    I2C2_EV_IRQHandler                       0x0800028f   Thumb Code     0  startup_stm32f10x_md.o(.text)
    PVD_IRQHandler                           0x0800028f   Thumb Code     0  startup_stm32f10x_md.o(.text)
    RCC_IRQHandler                           0x0800028f   Thumb Code     0  startup_stm32f10x_md.o(.text)
    RTCAlarm_IRQHandler                      0x0800028f   Thumb Code     0  startup_stm32f10x_md.o(.text)
    RTC_IRQHandler                           0x0800028f   Thumb Code     0  startup_stm32f10x_md.o(.text)
    SPI1_IRQHandler                          0x0800028f   Thumb Code     0  startup_stm32f10x_md.o(.text)
    SPI2_IRQHandler                          0x0800028f   Thumb Code     0  startup_stm32f10x_md.o(.text)
    TAMPER_IRQHandler                        0x0800028f   Thumb Code     0  startup_stm32f10x_md.o(.text)
    TIM1_BRK_IRQHandler                      0x0800028f   Thumb Code     0  startup_stm32f10x_md.o(.text)
    TIM1_CC_IRQHandler                       0x0800028f   Thumb Code     0  startup_stm32f10x_md.o(.text)
    TIM1_TRG_COM_IRQHandler                  0x0800028f   Thumb Code     0  startup_stm32f10x_md.o(.text)
    TIM1_UP_IRQHandler                       0x0800028f   Thumb Code     0  startup_stm32f10x_md.o(.text)
    TIM2_IRQHandler                          0x0800028f   Thumb Code     0  startup_stm32f10x_md.o(.text)
    TIM3_IRQHandler                          0x0800028f   Thumb Code     0  startup_stm32f10x_md.o(.text)
    TIM4_IRQHandler                          0x0800028f   Thumb Code     0  startup_stm32f10x_md.o(.text)
    USART2_IRQHandler                        0x0800028f   Thumb Code     0  startup_stm32f10x_md.o(.text)
    USBWakeUp_IRQHandler                     0x0800028f   Thumb Code     0  startup_stm32f10x_md.o(.text)
    USB_HP_CAN1_TX_IRQHandler                0x0800028f   Thumb Code     0  startup_stm32f10x_md.o(.text)
    USB_LP_CAN1_RX0_IRQHandler               0x0800028f   Thumb Code     0  startup_stm32f10x_md.o(.text)
    WWDG_IRQHandler                          0x0800028f   Thumb Code     0  startup_stm32f10x_md.o(.text)
    __user_initial_stackheap                 0x08000291   Thumb Code     0  startup_stm32f10x_md.o(.text)
    __use_no_semihosting                     0x080002b5   Thumb Code     2  use_no_semi_2.o(.text)
    __2printf                                0x080002b9   Thumb Code    20  noretval__2printf.o(.text)
    _printf_str                              0x080002d1   Thumb Code    82  _printf_str.o(.text)
    _printf_int_dec                          0x08000325   Thumb Code   104  _printf_dec.o(.text)
    __printf                                 0x0800039d   Thumb Code   184  __printf_ss.o(.text)
    __aeabi_assert                           0x08000455   Thumb Code    86  assert.o(.text)
    __assert                                 0x08000455   Thumb Code     0  assert.o(.text)
    __aeabi_memcpy                           0x080004d5   Thumb Code     0  rt_memcpy_v6.o(.text)
    __rt_memcpy                              0x080004d5   Thumb Code   138  rt_memcpy_v6.o(.text)
    _memcpy_lastbytes                        0x0800053b   Thumb Code     0  rt_memcpy_v6.o(.text)
    __aeabi_memcpy4                          0x0800055f   Thumb Code     0  rt_memcpy_w.o(.text)
    __aeabi_memcpy8                          0x0800055f   Thumb Code     0  rt_memcpy_w.o(.text)
    __rt_memcpy_w                            0x0800055f   Thumb Code   100  rt_memcpy_w.o(.text)
    _memcpy_lastbytes_aligned                0x080005a7   Thumb Code     0  rt_memcpy_w.o(.text)
    __aeabi_memset                           0x080005c3   Thumb Code    16  aeabi_memset.o(.text)
    __aeabi_memclr                           0x080005d3   Thumb Code     0  rt_memclr.o(.text)
    __rt_memclr                              0x080005d3   Thumb Code    68  rt_memclr.o(.text)
    _memset                                  0x080005d7   Thumb Code     0  rt_memclr.o(.text)
    __use_two_region_memory                  0x08000617   Thumb Code     2  heapauxi.o(.text)
    __rt_heap_escrow$2region                 0x08000619   Thumb Code     2  heapauxi.o(.text)
    __rt_heap_expand$2region                 0x0800061b   Thumb Code     2  heapauxi.o(.text)
    __I$use$semihosting                      0x0800061d   Thumb Code     0  use_no_semi.o(.text)
    __use_no_semihosting_swi                 0x0800061d   Thumb Code     2  use_no_semi.o(.text)
    _printf_int_common                       0x0800061f   Thumb Code   178  _printf_intcommon.o(.text)
    _printf_char_common                      0x080006db   Thumb Code    32  _printf_char_common.o(.text)
    _printf_cs_common                        0x08000701   Thumb Code    20  _printf_char.o(.text)
    _printf_char                             0x08000715   Thumb Code    16  _printf_char.o(.text)
    _printf_string                           0x08000725   Thumb Code     8  _printf_char.o(.text)
    _printf_char_file                        0x0800072d   Thumb Code    32  _printf_char_file.o(.text)
    abort                                    0x08000751   Thumb Code    22  abort.o(.text)
    __assert_puts                            0x08000767   Thumb Code    20  assert_puts.o(.text)
    __aeabi_memclr4                          0x0800077b   Thumb Code     0  rt_memclr_w.o(.text)
    __aeabi_memclr8                          0x0800077b   Thumb Code     0  rt_memclr_w.o(.text)
    __rt_memclr_w                            0x0800077b   Thumb Code    78  rt_memclr_w.o(.text)
    _memset_w                                0x0800077f   Thumb Code     0  rt_memclr_w.o(.text)
    ferror                                   0x080007c9   Thumb Code     8  ferror.o(.text)
    __rt_SIGABRT                             0x080007d1   Thumb Code    14  defsig_abrt_outer.o(.text)
    __user_setup_stackheap                   0x080007df   Thumb Code    74  sys_stackheap_outer.o(.text)
    exit                                     0x08000829   Thumb Code    18  exit.o(.text)
    __sig_exit                               0x0800083b   Thumb Code    10  defsig_exit.o(.text)
    __rt_SIGABRT_inner                       0x08000845   Thumb Code    14  defsig_abrt_inner.o(.text)
    __user_libspace                          0x08000875   Thumb Code     8  libspace.o(.text)
    __user_perproc_libspace                  0x08000875   Thumb Code     0  libspace.o(.text)
    __user_perthread_libspace                0x08000875   Thumb Code     0  libspace.o(.text)
    __default_signal_display                 0x0800087d   Thumb Code    50  defsig_general.o(.text)
    Analysis_data                            0x080008b1   Thumb Code   232  im1281b.o(i.Analysis_data)
    BusFault_Handler                         0x080009e5   Thumb Code     4  stm32f10x_it.o(i.BusFault_Handler)
    ChipParametersConfiguration              0x080009e9   Thumb Code    58  wizchip_conf.o(i.ChipParametersConfiguration)
    DH11_GPIO_Init_IN                        0x08000a29   Thumb Code    38  dht11.o(i.DH11_GPIO_Init_IN)
    DH11_GPIO_Init_OUT                       0x08000a55   Thumb Code    38  dht11.o(i.DH11_GPIO_Init_OUT)
    DHT11_REC_Data                           0x08000a81   Thumb Code   168  dht11.o(i.DHT11_REC_Data)
    DHT11_Rec_Byte                           0x08000b31   Thumb Code    80  dht11.o(i.DHT11_Rec_Byte)
    DHT11_Start                              0x08000b85   Thumb Code    60  dht11.o(i.DHT11_Start)
    DebugMon_Handler                         0x08000bc5   Thumb Code     2  stm32f10x_it.o(i.DebugMon_Handler)
    GPIO_Init                                0x08000bc7   Thumb Code   278  stm32f10x_gpio.o(i.GPIO_Init)
    GPIO_ReadInputDataBit                    0x08000cdd   Thumb Code    18  stm32f10x_gpio.o(i.GPIO_ReadInputDataBit)
    GPIO_ResetBits                           0x08000cef   Thumb Code     4  stm32f10x_gpio.o(i.GPIO_ResetBits)
    GPIO_SetBits                             0x08000cf3   Thumb Code     4  stm32f10x_gpio.o(i.GPIO_SetBits)
    HardFault_Handler                        0x08000cf7   Thumb Code     4  stm32f10x_it.o(i.HardFault_Handler)
    MemManage_Handler                        0x08000cfb   Thumb Code     4  stm32f10x_it.o(i.MemManage_Handler)
    NMI_Handler                              0x08000cff   Thumb Code     2  stm32f10x_it.o(i.NMI_Handler)
    NVIC_Init                                0x08000d01   Thumb Code   100  misc.o(i.NVIC_Init)
    NVIC_PriorityGroupConfig                 0x08000d71   Thumb Code    10  misc.o(i.NVIC_PriorityGroupConfig)
    NetWorkParameterConfiguration            0x08000d85   Thumb Code    28  wizchip_conf.o(i.NetWorkParameterConfiguration)
    RCC_APB1PeriphClockCmd                   0x08000da5   Thumb Code    26  stm32f10x_rcc.o(i.RCC_APB1PeriphClockCmd)
    RCC_APB1PeriphResetCmd                   0x08000dc5   Thumb Code    26  stm32f10x_rcc.o(i.RCC_APB1PeriphResetCmd)
    RCC_APB2PeriphClockCmd                   0x08000de5   Thumb Code    26  stm32f10x_rcc.o(i.RCC_APB2PeriphClockCmd)
    RCC_APB2PeriphResetCmd                   0x08000e05   Thumb Code    26  stm32f10x_rcc.o(i.RCC_APB2PeriphResetCmd)
    RCC_GetClocksFreq                        0x08000e25   Thumb Code   192  stm32f10x_rcc.o(i.RCC_GetClocksFreq)
    SPI_CS_Deselect                          0x08000ef9   Thumb Code    14  spi.o(i.SPI_CS_Deselect)
    SPI_CS_Select                            0x08000f0d   Thumb Code    14  spi.o(i.SPI_CS_Select)
    SPI_Cmd                                  0x08000f21   Thumb Code    24  stm32f10x_spi.o(i.SPI_Cmd)
    SPI_CrisEnter                            0x08000f39   Thumb Code    10  spi.o(i.SPI_CrisEnter)
    SPI_CrisExit                             0x08000f43   Thumb Code    10  spi.o(i.SPI_CrisExit)
    SPI_I2S_ClearFlag                        0x08000f4d   Thumb Code     6  stm32f10x_spi.o(i.SPI_I2S_ClearFlag)
    SPI_Init                                 0x08000f53   Thumb Code    60  stm32f10x_spi.o(i.SPI_Init)
    SPI_ReadByte                             0x08000f91   Thumb Code    46  spi.o(i.SPI_ReadByte)
    SPI_WriteByte                            0x08000fc5   Thumb Code    42  spi.o(i.SPI_WriteByte)
    SysTick_CLKSourceConfig                  0x080010dd   Thumb Code    40  misc.o(i.SysTick_CLKSourceConfig)
    SysTick_Handler                          0x08001105   Thumb Code    16  delay.o(i.SysTick_Handler)
    SystemInit                               0x08001115   Thumb Code    78  system_stm32f10x.o(i.SystemInit)
    USART1_IRQHandler                        0x08001175   Thumb Code   122  usart.o(i.USART1_IRQHandler)
    USART3_IRQHandler                        0x080011fd   Thumb Code   100  im1281b.o(i.USART3_IRQHandler)
    USART_ClearITPendingBit                  0x08001271   Thumb Code    30  stm32f10x_usart.o(i.USART_ClearITPendingBit)
    USART_Cmd                                0x0800128f   Thumb Code    24  stm32f10x_usart.o(i.USART_Cmd)
    USART_DeInit                             0x080012a9   Thumb Code   134  stm32f10x_usart.o(i.USART_DeInit)
    USART_GetFlagStatus                      0x08001345   Thumb Code    26  stm32f10x_usart.o(i.USART_GetFlagStatus)
    USART_GetITStatus                        0x0800135f   Thumb Code    84  stm32f10x_usart.o(i.USART_GetITStatus)
    USART_ITConfig                           0x080013b3   Thumb Code    74  stm32f10x_usart.o(i.USART_ITConfig)
    USART_Init                               0x080013fd   Thumb Code   210  stm32f10x_usart.o(i.USART_Init)
    USART_ReceiveData                        0x080014d5   Thumb Code    10  stm32f10x_usart.o(i.USART_ReceiveData)
    USART_SendData                           0x080014df   Thumb Code     8  stm32f10x_usart.o(i.USART_SendData)
    UsageFault_Handler                       0x080014e7   Thumb Code     4  stm32f10x_it.o(i.UsageFault_Handler)
    W5500_ChipInit                           0x080014ed   Thumb Code    40  wizchip_conf.o(i.W5500_ChipInit)
    W5500_RESET                              0x0800152d   Thumb Code    38  spi.o(i.W5500_RESET)
    WIZCHIP_READ                             0x08001559   Thumb Code   112  w5500.o(i.WIZCHIP_READ)
    WIZCHIP_READ_BUF                         0x080015cd   Thumb Code   136  w5500.o(i.WIZCHIP_READ_BUF)
    WIZCHIP_WRITE                            0x08001659   Thumb Code   112  w5500.o(i.WIZCHIP_WRITE)
    WIZCHIP_WRITE_BUF                        0x080016cd   Thumb Code   132  w5500.o(i.WIZCHIP_WRITE_BUF)
    _sys_exit                                0x08001755   Thumb Code     4  usart.o(i._sys_exit)
    _ttywrch                                 0x08001759   Thumb Code     4  usart.o(i._ttywrch)
    calccrc                                  0x0800175d   Thumb Code    42  im1281b.o(i.calccrc)
    chkcrc                                   0x08001787   Thumb Code    54  im1281b.o(i.chkcrc)
    close                                    0x080017bd   Thumb Code   142  socket.o(i.close)
    ctlnetwork                               0x0800185d   Thumb Code    80  wizchip_conf.o(i.ctlnetwork)
    ctlwizchip                               0x080018ad   Thumb Code   282  wizchip_conf.o(i.ctlwizchip)
    delay_init                               0x080019cd   Thumb Code    74  delay.o(i.delay_init)
    delay_ms                                 0x08001a29   Thumb Code    60  delay.o(i.delay_ms)
    delay_us                                 0x08001a69   Thumb Code    68  delay.o(i.delay_us)
    dht11_task                               0x08001ab1   Thumb Code    50  main.o(i.dht11_task)
    eMBEnable                                0x08001b05   Thumb Code    32  mb.o(i.eMBEnable)
    eMBFuncReadCoils                         0x08001b2d   Thumb Code   174  mbfunccoils.o(i.eMBFuncReadCoils)
    eMBFuncReadDiscreteInputs                0x08001bdb   Thumb Code   172  mbfuncdisc.o(i.eMBFuncReadDiscreteInputs)
    eMBFuncReadHoldingRegister               0x08001c87   Thumb Code   140  mbfuncholding.o(i.eMBFuncReadHoldingRegister)
    eMBFuncReadInputRegister                 0x08001d13   Thumb Code   140  mbfuncinput.o(i.eMBFuncReadInputRegister)
    eMBFuncReadWriteMultipleHoldingRegister  0x08001d9f   Thumb Code   212  mbfuncholding.o(i.eMBFuncReadWriteMultipleHoldingRegister)
    eMBFuncReportSlaveID                     0x08001e75   Thumb Code    30  mbfuncother.o(i.eMBFuncReportSlaveID)
    eMBFuncWriteCoil                         0x08001e9d   Thumb Code   112  mbfunccoils.o(i.eMBFuncWriteCoil)
    eMBFuncWriteHoldingRegister              0x08001f0d   Thumb Code    66  mbfuncholding.o(i.eMBFuncWriteHoldingRegister)
    eMBFuncWriteMultipleCoils                0x08001f4f   Thumb Code   144  mbfunccoils.o(i.eMBFuncWriteMultipleCoils)
    eMBFuncWriteMultipleHoldingRegister      0x08001fdf   Thumb Code   110  mbfuncholding.o(i.eMBFuncWriteMultipleHoldingRegister)
    eMBPoll                                  0x0800204d   Thumb Code   268  mb.o(i.eMBPoll)
    eMBRegCoilsCB                            0x08002185   Thumb Code   146  porttcp.o(i.eMBRegCoilsCB)
    eMBRegDiscreteCB                         0x0800221d   Thumb Code   104  porttcp.o(i.eMBRegDiscreteCB)
    eMBRegHoldingCB                          0x08002289   Thumb Code   112  porttcp.o(i.eMBRegHoldingCB)
    eMBRegInputCB                            0x080022fd   Thumb Code    62  porttcp.o(i.eMBRegInputCB)
    eMBTCPDoInit                             0x08002341   Thumb Code    20  mbtcp.o(i.eMBTCPDoInit)
    eMBTCPInit                               0x08002355   Thumb Code    86  mb.o(i.eMBTCPInit)
    eMBTCPReceive                            0x080023dd   Thumb Code    72  mbtcp.o(i.eMBTCPReceive)
    eMBTCPSend                               0x08002425   Thumb Code    48  mbtcp.o(i.eMBTCPSend)
    eMBTCPStart                              0x08002455   Thumb Code     2  mbtcp.o(i.eMBTCPStart)
    eMBTCPStop                               0x08002457   Thumb Code     8  mbtcp.o(i.eMBTCPStop)
    fputc                                    0x08002461   Thumb Code    24  usart.o(i.fputc)
    getSn_RX_RSR                             0x0800247d   Thumb Code   108  w5500.o(i.getSn_RX_RSR)
    getSn_TX_FSR                             0x080024e9   Thumb Code   108  w5500.o(i.getSn_TX_FSR)
    im1281b_task                             0x08002555   Thumb Code    46  main.o(i.im1281b_task)
    jdq_task                                 0x08002589   Thumb Code    38  main.o(i.jdq_task)
    listen                                   0x080025d5   Thumb Code   158  socket.o(i.listen)
    main                                     0x08002675   Thumb Code    70  main.o(i.main)
    prveMBError2Exception                    0x080031c5   Thumb Code    34  mbutils.o(i.prveMBError2Exception)
    pvPortMalloc                             0x080031e9   Thumb Code   262  heap_4.o(i.pvPortMalloc)
    pvTaskIncrementMutexHeldCount            0x0800333d   Thumb Code    26  tasks.o(i.pvTaskIncrementMutexHeldCount)
    pxPortInitialiseStack                    0x0800335d   Thumb Code    30  port.o(i.pxPortInitialiseStack)
    read_data                                0x08003381   Thumb Code   122  im1281b.o(i.read_data)
    recv                                     0x08003411   Thumb Code   282  socket.o(i.recv)
    reg_wizchip_cris_cbfunc                  0x08003531   Thumb Code    26  wizchip_conf.o(i.reg_wizchip_cris_cbfunc)
    reg_wizchip_cs_cbfunc                    0x08003559   Thumb Code    26  wizchip_conf.o(i.reg_wizchip_cs_cbfunc)
    reg_wizchip_spi_cbfunc                   0x08003581   Thumb Code    40  wizchip_conf.o(i.reg_wizchip_spi_cbfunc)
    relay_init                               0x080035b5   Thumb Code    38  jdq.o(i.relay_init)
    relay_off                                0x080035e1   Thumb Code    12  jdq.o(i.relay_off)
    relay_on                                 0x080035f1   Thumb Code    12  jdq.o(i.relay_on)
    send                                     0x08003601   Thumb Code   374  socket.o(i.send)
    socket                                   0x08003781   Thumb Code   384  socket.o(i.socket)
    spi_init                                 0x08003915   Thumb Code   236  spi.o(i.spi_init)
    start_task                               0x08003a09   Thumb Code   104  main.o(i.start_task)
    tcpsever_task                            0x08003ac9   Thumb Code   202  main.o(i.tcpsever_task)
    uart_init                                0x08003bf1   Thumb Code   162  usart.o(i.uart_init)
    usart3_init                              0x08003c9d   Thumb Code   180  im1281b.o(i.usart3_init)
    uxListRemove                             0x08003d59   Thumb Code    40  list.o(i.uxListRemove)
    vListInitialise                          0x08003d81   Thumb Code    26  list.o(i.vListInitialise)
    vListInitialiseItem                      0x08003d9b   Thumb Code     6  list.o(i.vListInitialiseItem)
    vListInsert                              0x08003da1   Thumb Code    52  list.o(i.vListInsert)
    vListInsertEnd                           0x08003dd5   Thumb Code    24  list.o(i.vListInsertEnd)
    vMBTCPPortDisable                        0x08003ded   Thumb Code     2  porttcp.o(i.vMBTCPPortDisable)
    vPortEnterCritical                       0x08003df1   Thumb Code    68  port.o(i.vPortEnterCritical)
    vPortExitCritical                        0x08003e79   Thumb Code    48  port.o(i.vPortExitCritical)
    vPortFree                                0x08003ee9   Thumb Code   120  heap_4.o(i.vPortFree)
    vPortSetupTimerInterrupt                 0x08003fa1   Thumb Code    26  port.o(i.vPortSetupTimerInterrupt)
    vPortValidateInterruptPriority           0x08003fc1   Thumb Code    86  port.o(i.vPortValidateInterruptPriority)
    vQueueAddToRegistry                      0x08004061   Thumb Code    38  queue.o(i.vQueueAddToRegistry)
    vQueueWaitForMessageRestricted           0x0800408d   Thumb Code    74  queue.o(i.vQueueWaitForMessageRestricted)
    vTaskDelay                               0x080040d9   Thumb Code    72  tasks.o(i.vTaskDelay)
    vTaskDelete                              0x0800414d   Thumb Code   192  tasks.o(i.vTaskDelete)
    vTaskMissedYield                         0x08004259   Thumb Code     8  tasks.o(i.vTaskMissedYield)
    vTaskPlaceOnEventList                    0x08004265   Thumb Code    42  tasks.o(i.vTaskPlaceOnEventList)
    vTaskPlaceOnEventListRestricted          0x080042b9   Thumb Code    50  tasks.o(i.vTaskPlaceOnEventListRestricted)
    vTaskPriorityInherit                     0x08004315   Thumb Code   164  tasks.o(i.vTaskPriorityInherit)
    vTaskSetTimeOutState                     0x080043c5   Thumb Code    32  tasks.o(i.vTaskSetTimeOutState)
    vTaskStartScheduler                      0x08004411   Thumb Code   108  tasks.o(i.vTaskStartScheduler)
    vTaskSuspendAll                          0x080044bd   Thumb Code    12  tasks.o(i.vTaskSuspendAll)
    vTaskSwitchContext                       0x080044cd   Thumb Code   110  tasks.o(i.vTaskSwitchContext)
    wifi_null                                0x08004575   Thumb Code    38  im1281b.o(i.wifi_null)
    wiz_recv_data                            0x080045a5   Thumb Code   132  w5500.o(i.wiz_recv_data)
    wiz_send_data                            0x08004629   Thumb Code   132  w5500.o(i.wiz_send_data)
    wizchip_bus_readdata                     0x080046ad   Thumb Code     6  wizchip_conf.o(i.wizchip_bus_readdata)
    wizchip_bus_writedata                    0x080046b3   Thumb Code     4  wizchip_conf.o(i.wizchip_bus_writedata)
    wizchip_clrinterrupt                     0x080046b7   Thumb Code    60  wizchip_conf.o(i.wizchip_clrinterrupt)
    wizchip_cris_enter                       0x080046f3   Thumb Code     2  wizchip_conf.o(i.wizchip_cris_enter)
    wizchip_cris_exit                        0x080046f5   Thumb Code     2  wizchip_conf.o(i.wizchip_cris_exit)
    wizchip_cs_deselect                      0x080046f7   Thumb Code     2  wizchip_conf.o(i.wizchip_cs_deselect)
    wizchip_cs_select                        0x080046f9   Thumb Code     2  wizchip_conf.o(i.wizchip_cs_select)
    wizchip_getinterrupt                     0x080046fb   Thumb Code    42  wizchip_conf.o(i.wizchip_getinterrupt)
    wizchip_getinterruptmask                 0x08004725   Thumb Code    40  wizchip_conf.o(i.wizchip_getinterruptmask)
    wizchip_getnetinfo                       0x0800474d   Thumb Code    82  wizchip_conf.o(i.wizchip_getnetinfo)
    wizchip_getnetmode                       0x080047a9   Thumb Code    10  wizchip_conf.o(i.wizchip_getnetmode)
    wizchip_gettimeout                       0x080047b3   Thumb Code    40  wizchip_conf.o(i.wizchip_gettimeout)
    wizchip_init                             0x080047db   Thumb Code   144  wizchip_conf.o(i.wizchip_init)
    wizchip_setinterruptmask                 0x0800486b   Thumb Code    30  wizchip_conf.o(i.wizchip_setinterruptmask)
    wizchip_setnetinfo                       0x08004889   Thumb Code    80  wizchip_conf.o(i.wizchip_setnetinfo)
    wizchip_setnetmode                       0x080048e1   Thumb Code    38  wizchip_conf.o(i.wizchip_setnetmode)
    wizchip_settimeout                       0x08004907   Thumb Code    38  wizchip_conf.o(i.wizchip_settimeout)
    wizchip_spi_readbyte                     0x0800492d   Thumb Code     4  wizchip_conf.o(i.wizchip_spi_readbyte)
    wizchip_spi_writebyte                    0x08004931   Thumb Code     2  wizchip_conf.o(i.wizchip_spi_writebyte)
    wizchip_sw_reset                         0x08004933   Thumb Code   114  wizchip_conf.o(i.wizchip_sw_reset)
    wizphy_getphyconf                        0x080049a5   Thumb Code   120  wizchip_conf.o(i.wizphy_getphyconf)
    wizphy_getphylink                        0x08004a1d   Thumb Code    24  wizchip_conf.o(i.wizphy_getphylink)
    wizphy_getphypmode                       0x08004a35   Thumb Code    30  wizchip_conf.o(i.wizphy_getphypmode)
    wizphy_reset                             0x08004a53   Thumb Code    52  wizchip_conf.o(i.wizphy_reset)
    wizphy_setphyconf                        0x08004a87   Thumb Code    88  wizchip_conf.o(i.wizphy_setphyconf)
    wizphy_setphypmode                       0x08004adf   Thumb Code   100  wizchip_conf.o(i.wizphy_setphypmode)
    xMBPortEventGet                          0x08004b45   Thumb Code    26  portevent.o(i.xMBPortEventGet)
    xMBPortEventInit                         0x08004b69   Thumb Code    10  portevent.o(i.xMBPortEventInit)
    xMBPortEventPost                         0x08004b79   Thumb Code    16  portevent.o(i.xMBPortEventPost)
    xMBTCPPortGetRequest                     0x08004b91   Thumb Code    22  porttcp.o(i.xMBTCPPortGetRequest)
    xMBTCPPortInit                           0x08004bb1   Thumb Code    88  porttcp.o(i.xMBTCPPortInit)
    xMBTCPPortSendResponse                   0x08004c51   Thumb Code    32  porttcp.o(i.xMBTCPPortSendResponse)
    xMBUtilGetBits                           0x08004c7d   Thumb Code    42  mbutils.o(i.xMBUtilGetBits)
    xMBUtilSetBits                           0x08004ca9   Thumb Code   104  mbutils.o(i.xMBUtilSetBits)
    xPortStartScheduler                      0x08004d4d   Thumb Code   140  port.o(i.xPortStartScheduler)
    xPortSysTickHandler                      0x08004ded   Thumb Code    46  port.o(i.xPortSysTickHandler)
    xQueueGenericCreate                      0x08004e21   Thumb Code    78  queue.o(i.xQueueGenericCreate)
    xQueueGenericReceive                     0x08004e95   Thumb Code   416  queue.o(i.xQueueGenericReceive)
    xQueueGenericReset                       0x0800505d   Thumb Code   136  queue.o(i.xQueueGenericReset)
    xQueueGenericSend                        0x0800510d   Thumb Code   412  queue.o(i.xQueueGenericSend)
    xQueueGenericSendFromISR                 0x080052d1   Thumb Code   234  queue.o(i.xQueueGenericSendFromISR)
    xTaskCheckForTimeOut                     0x080053e1   Thumb Code   116  tasks.o(i.xTaskCheckForTimeOut)
    xTaskCreate                              0x08005481   Thumb Code    96  tasks.o(i.xTaskCreate)
    xTaskGetSchedulerState                   0x080054e1   Thumb Code    24  tasks.o(i.xTaskGetSchedulerState)
    xTaskGetTickCount                        0x08005501   Thumb Code     6  tasks.o(i.xTaskGetTickCount)
    xTaskIncrementTick                       0x0800550d   Thumb Code   272  tasks.o(i.xTaskIncrementTick)
    xTaskPriorityDisinherit                  0x0800566d   Thumb Code   168  tasks.o(i.xTaskPriorityDisinherit)
    xTaskRemoveFromEventList                 0x08005745   Thumb Code   118  tasks.o(i.xTaskRemoveFromEventList)
    xTaskResumeAll                           0x080057f9   Thumb Code   214  tasks.o(i.xTaskResumeAll)
    xTimerCreateTimerTask                    0x08005919   Thumb Code    56  timers.o(i.xTimerCreateTimerTask)
    xTimerGenericCommand                     0x0800598d   Thumb Code   118  timers.o(i.xTimerGenericCommand)
    Region$$Table$$Base                      0x08005a40   Number         0  anon$$obj.o(Region$$Table)
    Region$$Table$$Limit                     0x08005a60   Number         0  anon$$obj.o(Region$$Table)
    ucTCPRequestLen                          0x20000000   Data           2  main.o(.data)
    ucTCPResponslen                          0x20000002   Data           2  main.o(.data)
    bFrameSent                               0x20000004   Data           1  main.o(.data)
    StartTask_Handler                        0x20000008   Data           4  main.o(.data)
    TcpSeverTask_Handler                     0x2000000c   Data           4  main.o(.data)
    DHT11Task_Handler                        0x20000010   Data           4  main.o(.data)
    JdqTask_Handler                          0x20000014   Data           4  main.o(.data)
    IM1281BTask_Handler                      0x20000018   Data           4  main.o(.data)
    SystemCoreClock                          0x2000001c   Data           4  system_stm32f10x.o(.data)
    AHBPrescTable                            0x20000020   Data          16  system_stm32f10x.o(.data)
    Read_ID                                  0x20000030   Data           1  im1281b.o(.data)
    Tx_Buffer1                               0x20000031   Data           8  im1281b.o(.data)
    receive_finished                         0x2000003c   Data           4  im1281b.o(.data)
    i                                        0x20000040   Data           4  im1281b.o(.data)
    j                                        0x20000044   Data           4  im1281b.o(.data)
    Pf_data1                                 0x20000048   Data           4  im1281b.o(.data)
    reveive_numbe                            0x2000004c   Data           4  im1281b.o(.data)
    USART3_RX_STA                            0x20000050   Data           2  im1281b.o(.data)
    sock_pack_info                           0x20000058   Data           8  socket.o(.data)
    WIZCHIP                                  0x20000060   Data          44  wizchip_conf.o(.data)
    gWIZNETINFO                              0x20000091   Data          23  wizchip_conf.o(.data)
    __stdout                                 0x200000ac   Data           4  usart.o(.data)
    USART_RX_STA                             0x200000b0   Data           2  usart.o(.data)
    pxCurrentTCB                             0x200000c8   Data           4  tasks.o(.data)
    pxMBFrameCBByteReceived                  0x20000158   Data           4  mb.o(.data)
    pxMBFrameCBTransmitterEmpty              0x2000015c   Data           4  mb.o(.data)
    pxMBPortCBTimerExpired                   0x20000160   Data           4  mb.o(.data)
    pxMBFrameCBReceiveFSMCur                 0x20000164   Data           4  mb.o(.data)
    pxMBFrameCBTransmitFSMCur                0x20000168   Data           4  mb.o(.data)
    ucRegCoilsBuf                            0x200001f7   Data           1  porttcp.o(.data)
    ucTCPRequestFrame                        0x200001f8   Data        2048  main.o(.bss)
    ucTCPResponseFrame                       0x200009f8   Data        2048  main.o(.bss)
    USART3_RX_BUF                            0x200011f8   Data         200  im1281b.o(.bss)
    USART3_TX_BUF                            0x200012c0   Data         200  im1281b.o(.bss)
    Rx_Buffer1                               0x20001388   Data          40  im1281b.o(.bss)
    Rx_Buffer                                0x200013b0   Data          40  im1281b.o(.bss)
    rec_data                                 0x200013d8   Data          16  dht11.o(.bss)
    USART_RX_BUF                             0x200013f8   Data         200  usart.o(.bss)
    xQueueRegistry                           0x200014c0   Data          64  queue.o(.bss)
    usRegInputBuf                            0x2000402c   Data          16  porttcp.o(.bss)
    usRegHoldingBuf                          0x2000403c   Data          52  porttcp.o(.bss)
    ucRegDiscreteBuf                         0x20004070   Data          16  porttcp.o(.bss)
    __libspace_start                         0x20004080   Data          96  libspace.o(.bss)
    __temporary_stack_top$libspace           0x200040e0   Data           0  libspace.o(.bss)



==============================================================================

Memory Map of the image

  Image Entry point : 0x08000275

  Load Region LR_1 (Base: 0x08000000, Size: 0x00005c58, Max: 0xffffffff, ABSOLUTE, COMPRESSED[0x00005af8])

    Execution Region ER_RO (Exec base: 0x08000000, Load base: 0x08000000, Size: 0x00005a60, Max: 0xffffffff, ABSOLUTE)

    Exec Addr    Load Addr    Size         Type   Attr      Idx    E Section Name        Object

    0x08000000   0x08000000   0x000000ec   Data   RO         1049    RESET               startup_stm32f10x_md.o
    0x080000ec   0x080000ec   0x00000008   Code   RO         3145  * !!!main             c_w.l(__main.o)
    0x080000f4   0x080000f4   0x00000034   Code   RO         3327    !!!scatter          c_w.l(__scatter.o)
    0x08000128   0x08000128   0x0000005a   Code   RO         3325    !!dczerorl2         c_w.l(__dczerorl2.o)
    0x08000182   0x08000182   0x00000002   PAD
    0x08000184   0x08000184   0x0000001c   Code   RO         3329    !!handler_zi        c_w.l(__scatter_zi.o)
    0x080001a0   0x080001a0   0x00000000   Code   RO         3128    .ARM.Collect$$_printf_percent$$00000000  c_w.l(_printf_percent.o)
    0x080001a0   0x080001a0   0x00000006   Code   RO         3126    .ARM.Collect$$_printf_percent$$00000009  c_w.l(_printf_d.o)
    0x080001a6   0x080001a6   0x00000006   Code   RO         3127    .ARM.Collect$$_printf_percent$$0000000A  c_w.l(_printf_u.o)
    0x080001ac   0x080001ac   0x00000006   Code   RO         3125    .ARM.Collect$$_printf_percent$$00000014  c_w.l(_printf_s.o)
    0x080001b2   0x080001b2   0x00000004   Code   RO         3160    .ARM.Collect$$_printf_percent$$00000017  c_w.l(_printf_percent_end.o)
    0x080001b6   0x080001b6   0x00000002   Code   RO         3207    .ARM.Collect$$libinit$$00000000  c_w.l(libinit.o)
    0x080001b8   0x080001b8   0x00000000   Code   RO         3218    .ARM.Collect$$libinit$$00000002  c_w.l(libinit2.o)
    0x080001b8   0x080001b8   0x00000000   Code   RO         3220    .ARM.Collect$$libinit$$00000004  c_w.l(libinit2.o)
    0x080001b8   0x080001b8   0x00000000   Code   RO         3223    .ARM.Collect$$libinit$$0000000A  c_w.l(libinit2.o)
    0x080001b8   0x080001b8   0x00000000   Code   RO         3225    .ARM.Collect$$libinit$$0000000C  c_w.l(libinit2.o)
    0x080001b8   0x080001b8   0x00000000   Code   RO         3227    .ARM.Collect$$libinit$$0000000E  c_w.l(libinit2.o)
    0x080001b8   0x080001b8   0x00000000   Code   RO         3230    .ARM.Collect$$libinit$$00000011  c_w.l(libinit2.o)
    0x080001b8   0x080001b8   0x00000000   Code   RO         3232    .ARM.Collect$$libinit$$00000013  c_w.l(libinit2.o)
    0x080001b8   0x080001b8   0x00000000   Code   RO         3234    .ARM.Collect$$libinit$$00000015  c_w.l(libinit2.o)
    0x080001b8   0x080001b8   0x00000000   Code   RO         3236    .ARM.Collect$$libinit$$00000017  c_w.l(libinit2.o)
    0x080001b8   0x080001b8   0x00000000   Code   RO         3238    .ARM.Collect$$libinit$$00000019  c_w.l(libinit2.o)
    0x080001b8   0x080001b8   0x00000000   Code   RO         3240    .ARM.Collect$$libinit$$0000001B  c_w.l(libinit2.o)
    0x080001b8   0x080001b8   0x00000000   Code   RO         3242    .ARM.Collect$$libinit$$0000001D  c_w.l(libinit2.o)
    0x080001b8   0x080001b8   0x00000000   Code   RO         3244    .ARM.Collect$$libinit$$0000001F  c_w.l(libinit2.o)
    0x080001b8   0x080001b8   0x00000000   Code   RO         3246    .ARM.Collect$$libinit$$00000021  c_w.l(libinit2.o)
    0x080001b8   0x080001b8   0x00000000   Code   RO         3248    .ARM.Collect$$libinit$$00000023  c_w.l(libinit2.o)
    0x080001b8   0x080001b8   0x00000000   Code   RO         3250    .ARM.Collect$$libinit$$00000025  c_w.l(libinit2.o)
    0x080001b8   0x080001b8   0x00000000   Code   RO         3254    .ARM.Collect$$libinit$$0000002C  c_w.l(libinit2.o)
    0x080001b8   0x080001b8   0x00000000   Code   RO         3256    .ARM.Collect$$libinit$$0000002E  c_w.l(libinit2.o)
    0x080001b8   0x080001b8   0x00000000   Code   RO         3258    .ARM.Collect$$libinit$$00000030  c_w.l(libinit2.o)
    0x080001b8   0x080001b8   0x00000000   Code   RO         3260    .ARM.Collect$$libinit$$00000032  c_w.l(libinit2.o)
    0x080001b8   0x080001b8   0x00000002   Code   RO         3261    .ARM.Collect$$libinit$$00000033  c_w.l(libinit2.o)
    0x080001ba   0x080001ba   0x00000002   Code   RO         3297    .ARM.Collect$$libshutdown$$00000000  c_w.l(libshutdown.o)
    0x080001bc   0x080001bc   0x00000000   Code   RO         3307    .ARM.Collect$$libshutdown$$00000002  c_w.l(libshutdown2.o)
    0x080001bc   0x080001bc   0x00000000   Code   RO         3309    .ARM.Collect$$libshutdown$$00000004  c_w.l(libshutdown2.o)
    0x080001bc   0x080001bc   0x00000000   Code   RO         3312    .ARM.Collect$$libshutdown$$00000007  c_w.l(libshutdown2.o)
    0x080001bc   0x080001bc   0x00000000   Code   RO         3315    .ARM.Collect$$libshutdown$$0000000A  c_w.l(libshutdown2.o)
    0x080001bc   0x080001bc   0x00000000   Code   RO         3317    .ARM.Collect$$libshutdown$$0000000C  c_w.l(libshutdown2.o)
    0x080001bc   0x080001bc   0x00000000   Code   RO         3320    .ARM.Collect$$libshutdown$$0000000F  c_w.l(libshutdown2.o)
    0x080001bc   0x080001bc   0x00000002   Code   RO         3321    .ARM.Collect$$libshutdown$$00000010  c_w.l(libshutdown2.o)
    0x080001be   0x080001be   0x00000000   Code   RO         3149    .ARM.Collect$$rtentry$$00000000  c_w.l(__rtentry.o)
    0x080001be   0x080001be   0x00000000   Code   RO         3168    .ARM.Collect$$rtentry$$00000002  c_w.l(__rtentry2.o)
    0x080001be   0x080001be   0x00000006   Code   RO         3180    .ARM.Collect$$rtentry$$00000004  c_w.l(__rtentry4.o)
    0x080001c4   0x080001c4   0x00000000   Code   RO         3170    .ARM.Collect$$rtentry$$00000009  c_w.l(__rtentry2.o)
    0x080001c4   0x080001c4   0x00000004   Code   RO         3171    .ARM.Collect$$rtentry$$0000000A  c_w.l(__rtentry2.o)
    0x080001c8   0x080001c8   0x00000000   Code   RO         3173    .ARM.Collect$$rtentry$$0000000C  c_w.l(__rtentry2.o)
    0x080001c8   0x080001c8   0x00000008   Code   RO         3174    .ARM.Collect$$rtentry$$0000000D  c_w.l(__rtentry2.o)
    0x080001d0   0x080001d0   0x00000002   Code   RO         3211    .ARM.Collect$$rtexit$$00000000  c_w.l(rtexit.o)
    0x080001d2   0x080001d2   0x00000000   Code   RO         3263    .ARM.Collect$$rtexit$$00000002  c_w.l(rtexit2.o)
    0x080001d2   0x080001d2   0x00000004   Code   RO         3264    .ARM.Collect$$rtexit$$00000003  c_w.l(rtexit2.o)
    0x080001d6   0x080001d6   0x00000006   Code   RO         3265    .ARM.Collect$$rtexit$$00000004  c_w.l(rtexit2.o)
    0x080001dc   0x080001dc   0x00000096   Code   RO         2635    .emb_text           port.o
    0x08000272   0x08000272   0x00000002   PAD
    0x08000274   0x08000274   0x00000040   Code   RO         1050  * .text               startup_stm32f10x_md.o
    0x080002b4   0x080002b4   0x00000002   Code   RO         3088    .text               c_w.l(use_no_semi_2.o)
    0x080002b6   0x080002b6   0x00000002   PAD
    0x080002b8   0x080002b8   0x00000018   Code   RO         3094    .text               c_w.l(noretval__2printf.o)
    0x080002d0   0x080002d0   0x00000052   Code   RO         3100    .text               c_w.l(_printf_str.o)
    0x08000322   0x08000322   0x00000002   PAD
    0x08000324   0x08000324   0x00000078   Code   RO         3102    .text               c_w.l(_printf_dec.o)
    0x0800039c   0x0800039c   0x000000b8   Code   RO         3107    .text               c_w.l(__printf_ss.o)
    0x08000454   0x08000454   0x00000080   Code   RO         3129    .text               c_w.l(assert.o)
    0x080004d4   0x080004d4   0x0000008a   Code   RO         3135    .text               c_w.l(rt_memcpy_v6.o)
    0x0800055e   0x0800055e   0x00000064   Code   RO         3137    .text               c_w.l(rt_memcpy_w.o)
    0x080005c2   0x080005c2   0x00000010   Code   RO         3139    .text               c_w.l(aeabi_memset.o)
    0x080005d2   0x080005d2   0x00000044   Code   RO         3141    .text               c_w.l(rt_memclr.o)
    0x08000616   0x08000616   0x00000006   Code   RO         3143    .text               c_w.l(heapauxi.o)
    0x0800061c   0x0800061c   0x00000002   Code   RO         3147    .text               c_w.l(use_no_semi.o)
    0x0800061e   0x0800061e   0x000000b2   Code   RO         3150    .text               c_w.l(_printf_intcommon.o)
    0x080006d0   0x080006d0   0x00000030   Code   RO         3152    .text               c_w.l(_printf_char_common.o)
    0x08000700   0x08000700   0x0000002c   Code   RO         3156    .text               c_w.l(_printf_char.o)
    0x0800072c   0x0800072c   0x00000024   Code   RO         3158    .text               c_w.l(_printf_char_file.o)
    0x08000750   0x08000750   0x00000016   Code   RO         3161    .text               c_w.l(abort.o)
    0x08000766   0x08000766   0x00000014   Code   RO         3163    .text               c_w.l(assert_puts.o)
    0x0800077a   0x0800077a   0x0000004e   Code   RO         3165    .text               c_w.l(rt_memclr_w.o)
    0x080007c8   0x080007c8   0x00000008   Code   RO         3184    .text               c_w.l(ferror.o)
    0x080007d0   0x080007d0   0x0000000e   Code   RO         3188    .text               c_w.l(defsig_abrt_outer.o)
    0x080007de   0x080007de   0x0000004a   Code   RO         3192    .text               c_w.l(sys_stackheap_outer.o)
    0x08000828   0x08000828   0x00000012   Code   RO         3196    .text               c_w.l(exit.o)
    0x0800083a   0x0800083a   0x0000000a   Code   RO         3198    .text               c_w.l(defsig_exit.o)
    0x08000844   0x08000844   0x00000030   Code   RO         3200    .text               c_w.l(defsig_abrt_inner.o)
    0x08000874   0x08000874   0x00000008   Code   RO         3208    .text               c_w.l(libspace.o)
    0x0800087c   0x0800087c   0x00000032   Code   RO         3215    .text               c_w.l(defsig_general.o)
    0x080008ae   0x080008ae   0x00000002   PAD
    0x080008b0   0x080008b0   0x00000134   Code   RO          347    i.Analysis_data     im1281b.o
    0x080009e4   0x080009e4   0x00000004   Code   RO          227    i.BusFault_Handler  stm32f10x_it.o
    0x080009e8   0x080009e8   0x00000040   Code   RO          581    i.ChipParametersConfiguration  wizchip_conf.o
    0x08000a28   0x08000a28   0x0000002c   Code   RO          400    i.DH11_GPIO_Init_IN  dht11.o
    0x08000a54   0x08000a54   0x0000002c   Code   RO          401    i.DH11_GPIO_Init_OUT  dht11.o
    0x08000a80   0x08000a80   0x000000b0   Code   RO          402    i.DHT11_REC_Data    dht11.o
    0x08000b30   0x08000b30   0x00000054   Code   RO          403    i.DHT11_Rec_Byte    dht11.o
    0x08000b84   0x08000b84   0x00000040   Code   RO          404    i.DHT11_Start       dht11.o
    0x08000bc4   0x08000bc4   0x00000002   Code   RO          228    i.DebugMon_Handler  stm32f10x_it.o
    0x08000bc6   0x08000bc6   0x00000116   Code   RO         1096    i.GPIO_Init         stm32f10x_gpio.o
    0x08000cdc   0x08000cdc   0x00000012   Code   RO         1100    i.GPIO_ReadInputDataBit  stm32f10x_gpio.o
    0x08000cee   0x08000cee   0x00000004   Code   RO         1103    i.GPIO_ResetBits    stm32f10x_gpio.o
    0x08000cf2   0x08000cf2   0x00000004   Code   RO         1104    i.GPIO_SetBits      stm32f10x_gpio.o
    0x08000cf6   0x08000cf6   0x00000004   Code   RO          229    i.HardFault_Handler  stm32f10x_it.o
    0x08000cfa   0x08000cfa   0x00000004   Code   RO          230    i.MemManage_Handler  stm32f10x_it.o
    0x08000cfe   0x08000cfe   0x00000002   Code   RO          231    i.NMI_Handler       stm32f10x_it.o
    0x08000d00   0x08000d00   0x00000070   Code   RO         1054    i.NVIC_Init         misc.o
    0x08000d70   0x08000d70   0x00000014   Code   RO         1055    i.NVIC_PriorityGroupConfig  misc.o
    0x08000d84   0x08000d84   0x00000020   Code   RO          582    i.NetWorkParameterConfiguration  wizchip_conf.o
    0x08000da4   0x08000da4   0x00000020   Code   RO         1230    i.RCC_APB1PeriphClockCmd  stm32f10x_rcc.o
    0x08000dc4   0x08000dc4   0x00000020   Code   RO         1231    i.RCC_APB1PeriphResetCmd  stm32f10x_rcc.o
    0x08000de4   0x08000de4   0x00000020   Code   RO         1232    i.RCC_APB2PeriphClockCmd  stm32f10x_rcc.o
    0x08000e04   0x08000e04   0x00000020   Code   RO         1233    i.RCC_APB2PeriphResetCmd  stm32f10x_rcc.o
    0x08000e24   0x08000e24   0x000000d4   Code   RO         1240    i.RCC_GetClocksFreq  stm32f10x_rcc.o
    0x08000ef8   0x08000ef8   0x00000014   Code   RO          979    i.SPI_CS_Deselect   spi.o
    0x08000f0c   0x08000f0c   0x00000014   Code   RO          980    i.SPI_CS_Select     spi.o
    0x08000f20   0x08000f20   0x00000018   Code   RO         1613    i.SPI_Cmd           stm32f10x_spi.o
    0x08000f38   0x08000f38   0x0000000a   Code   RO          981    i.SPI_CrisEnter     spi.o
    0x08000f42   0x08000f42   0x0000000a   Code   RO          982    i.SPI_CrisExit      spi.o
    0x08000f4c   0x08000f4c   0x00000006   Code   RO         1617    i.SPI_I2S_ClearFlag  stm32f10x_spi.o
    0x08000f52   0x08000f52   0x0000003c   Code   RO         1626    i.SPI_Init          stm32f10x_spi.o
    0x08000f8e   0x08000f8e   0x00000002   PAD
    0x08000f90   0x08000f90   0x00000034   Code   RO          983    i.SPI_ReadByte      spi.o
    0x08000fc4   0x08000fc4   0x00000030   Code   RO          984    i.SPI_WriteByte     spi.o
    0x08000ff4   0x08000ff4   0x00000008   Code   RO          298    i.SetSysClock       system_stm32f10x.o
    0x08000ffc   0x08000ffc   0x000000e0   Code   RO          299    i.SetSysClockTo72   system_stm32f10x.o
    0x080010dc   0x080010dc   0x00000028   Code   RO         1058    i.SysTick_CLKSourceConfig  misc.o
    0x08001104   0x08001104   0x00000010   Code   RO          855    i.SysTick_Handler   delay.o
    0x08001114   0x08001114   0x00000060   Code   RO          301    i.SystemInit        system_stm32f10x.o
    0x08001174   0x08001174   0x00000088   Code   RO          929    i.USART1_IRQHandler  usart.o
    0x080011fc   0x080011fc   0x00000074   Code   RO          348    i.USART3_IRQHandler  im1281b.o
    0x08001270   0x08001270   0x0000001e   Code   RO         1429    i.USART_ClearITPendingBit  stm32f10x_usart.o
    0x0800128e   0x0800128e   0x00000018   Code   RO         1432    i.USART_Cmd         stm32f10x_usart.o
    0x080012a6   0x080012a6   0x00000002   PAD
    0x080012a8   0x080012a8   0x0000009c   Code   RO         1434    i.USART_DeInit      stm32f10x_usart.o
    0x08001344   0x08001344   0x0000001a   Code   RO         1435    i.USART_GetFlagStatus  stm32f10x_usart.o
    0x0800135e   0x0800135e   0x00000054   Code   RO         1436    i.USART_GetITStatus  stm32f10x_usart.o
    0x080013b2   0x080013b2   0x0000004a   Code   RO         1438    i.USART_ITConfig    stm32f10x_usart.o
    0x080013fc   0x080013fc   0x000000d8   Code   RO         1439    i.USART_Init        stm32f10x_usart.o
    0x080014d4   0x080014d4   0x0000000a   Code   RO         1446    i.USART_ReceiveData  stm32f10x_usart.o
    0x080014de   0x080014de   0x00000008   Code   RO         1449    i.USART_SendData    stm32f10x_usart.o
    0x080014e6   0x080014e6   0x00000004   Code   RO          232    i.UsageFault_Handler  stm32f10x_it.o
    0x080014ea   0x080014ea   0x00000002   PAD
    0x080014ec   0x080014ec   0x00000040   Code   RO          583    i.W5500_ChipInit    wizchip_conf.o
    0x0800152c   0x0800152c   0x0000002c   Code   RO          985    i.W5500_RESET       spi.o
    0x08001558   0x08001558   0x00000074   Code   RO          521    i.WIZCHIP_READ      w5500.o
    0x080015cc   0x080015cc   0x0000008c   Code   RO          522    i.WIZCHIP_READ_BUF  w5500.o
    0x08001658   0x08001658   0x00000074   Code   RO          523    i.WIZCHIP_WRITE     w5500.o
    0x080016cc   0x080016cc   0x00000088   Code   RO          524    i.WIZCHIP_WRITE_BUF  w5500.o
    0x08001754   0x08001754   0x00000004   Code   RO          930    i._sys_exit         usart.o
    0x08001758   0x08001758   0x00000004   Code   RO          931    i._ttywrch          usart.o
    0x0800175c   0x0800175c   0x0000002a   Code   RO          349    i.calccrc           im1281b.o
    0x08001786   0x08001786   0x00000036   Code   RO          350    i.chkcrc            im1281b.o
    0x080017bc   0x080017bc   0x000000a0   Code   RO          439    i.close             socket.o
    0x0800185c   0x0800185c   0x00000050   Code   RO          584    i.ctlnetwork        wizchip_conf.o
    0x080018ac   0x080018ac   0x00000120   Code   RO          585    i.ctlwizchip        wizchip_conf.o
    0x080019cc   0x080019cc   0x0000005c   Code   RO          856    i.delay_init        delay.o
    0x08001a28   0x08001a28   0x00000040   Code   RO          857    i.delay_ms          delay.o
    0x08001a68   0x08001a68   0x00000048   Code   RO          858    i.delay_us          delay.o
    0x08001ab0   0x08001ab0   0x00000054   Code   RO            1    i.dht11_task        main.o
    0x08001b04   0x08001b04   0x00000028   Code   RO         2937    i.eMBEnable         mb.o
    0x08001b2c   0x08001b2c   0x000000ae   Code   RO         2761    i.eMBFuncReadCoils  mbfunccoils.o
    0x08001bda   0x08001bda   0x000000ac   Code   RO         2797    i.eMBFuncReadDiscreteInputs  mbfuncdisc.o
    0x08001c86   0x08001c86   0x0000008c   Code   RO         2809    i.eMBFuncReadHoldingRegister  mbfuncholding.o
    0x08001d12   0x08001d12   0x0000008c   Code   RO         2839    i.eMBFuncReadInputRegister  mbfuncinput.o
    0x08001d9e   0x08001d9e   0x000000d4   Code   RO         2810    i.eMBFuncReadWriteMultipleHoldingRegister  mbfuncholding.o
    0x08001e72   0x08001e72   0x00000002   PAD
    0x08001e74   0x08001e74   0x00000028   Code   RO         2851    i.eMBFuncReportSlaveID  mbfuncother.o
    0x08001e9c   0x08001e9c   0x00000070   Code   RO         2762    i.eMBFuncWriteCoil  mbfunccoils.o
    0x08001f0c   0x08001f0c   0x00000042   Code   RO         2811    i.eMBFuncWriteHoldingRegister  mbfuncholding.o
    0x08001f4e   0x08001f4e   0x00000090   Code   RO         2763    i.eMBFuncWriteMultipleCoils  mbfunccoils.o
    0x08001fde   0x08001fde   0x0000006e   Code   RO         2812    i.eMBFuncWriteMultipleHoldingRegister  mbfuncholding.o
    0x0800204c   0x0800204c   0x00000138   Code   RO         2939    i.eMBPoll           mb.o
    0x08002184   0x08002184   0x00000098   Code   RO         3021    i.eMBRegCoilsCB     porttcp.o
    0x0800221c   0x0800221c   0x0000006c   Code   RO         3022    i.eMBRegDiscreteCB  porttcp.o
    0x08002288   0x08002288   0x00000074   Code   RO         3023    i.eMBRegHoldingCB   porttcp.o
    0x080022fc   0x080022fc   0x00000044   Code   RO         3024    i.eMBRegInputCB     porttcp.o
    0x08002340   0x08002340   0x00000014   Code   RO         2896    i.eMBTCPDoInit      mbtcp.o
    0x08002354   0x08002354   0x00000088   Code   RO         2941    i.eMBTCPInit        mb.o
    0x080023dc   0x080023dc   0x00000048   Code   RO         2897    i.eMBTCPReceive     mbtcp.o
    0x08002424   0x08002424   0x00000030   Code   RO         2898    i.eMBTCPSend        mbtcp.o
    0x08002454   0x08002454   0x00000002   Code   RO         2899    i.eMBTCPStart       mbtcp.o
    0x08002456   0x08002456   0x00000008   Code   RO         2900    i.eMBTCPStop        mbtcp.o
    0x0800245e   0x0800245e   0x00000002   PAD
    0x08002460   0x08002460   0x0000001c   Code   RO          932    i.fputc             usart.o
    0x0800247c   0x0800247c   0x0000006c   Code   RO          525    i.getSn_RX_RSR      w5500.o
    0x080024e8   0x080024e8   0x0000006c   Code   RO          526    i.getSn_TX_FSR      w5500.o
    0x08002554   0x08002554   0x00000034   Code   RO            2    i.im1281b_task      main.o
    0x08002588   0x08002588   0x0000004c   Code   RO            3    i.jdq_task          main.o
    0x080025d4   0x080025d4   0x0000009e   Code   RO          444    i.listen            socket.o
    0x08002672   0x08002672   0x00000002   PAD
    0x08002674   0x08002674   0x0000005c   Code   RO            4    i.main              main.o
    0x080026d0   0x080026d0   0x00000098   Code   RO         2145    i.prvAddCurrentTaskToDelayedList  tasks.o
    0x08002768   0x08002768   0x000000b8   Code   RO         2146    i.prvAddNewTaskToReadyList  tasks.o
    0x08002820   0x08002820   0x00000064   Code   RO         2505    i.prvCheckForValidListAndQueue  timers.o
    0x08002884   0x08002884   0x00000064   Code   RO         2147    i.prvCheckTasksWaitingTermination  tasks.o
    0x080028e8   0x080028e8   0x0000002a   Code   RO         1912    i.prvCopyDataFromQueue  queue.o
    0x08002912   0x08002912   0x0000007c   Code   RO         1913    i.prvCopyDataToQueue  queue.o
    0x0800298e   0x0800298e   0x00000012   Code   RO         2148    i.prvDeleteTCB      tasks.o
    0x080029a0   0x080029a0   0x00000028   Code   RO         2506    i.prvGetNextExpireTime  timers.o
    0x080029c8   0x080029c8   0x0000007c   Code   RO         2712    i.prvHeapInit       heap_4.o
    0x08002a44   0x08002a44   0x00000028   Code   RO         2149    i.prvIdleTask       tasks.o
    0x08002a6c   0x08002a6c   0x0000002e   Code   RO         1915    i.prvInitialiseNewQueue  queue.o
    0x08002a9a   0x08002a9a   0x00000002   PAD
    0x08002a9c   0x08002a9c   0x000000d0   Code   RO         2150    i.prvInitialiseNewTask  tasks.o
    0x08002b6c   0x08002b6c   0x00000068   Code   RO         2151    i.prvInitialiseTaskLists  tasks.o
    0x08002bd4   0x08002bd4   0x00000068   Code   RO         2713    i.prvInsertBlockIntoFreeList  heap_4.o
    0x08002c3c   0x08002c3c   0x00000058   Code   RO         2508    i.prvInsertTimerInActiveList  timers.o
    0x08002c94   0x08002c94   0x0000001a   Code   RO         1916    i.prvIsQueueEmpty   queue.o
    0x08002cae   0x08002cae   0x0000001e   Code   RO         1917    i.prvIsQueueFull    queue.o
    0x08002ccc   0x08002ccc   0x000000a0   Code   RO         1918    i.prvNotifyQueueSetContainer  queue.o
    0x08002d6c   0x08002d6c   0x00000080   Code   RO         2509    i.prvProcessExpiredTimer  timers.o
    0x08002dec   0x08002dec   0x0000012c   Code   RO         2510    i.prvProcessReceivedCommands  timers.o
    0x08002f18   0x08002f18   0x00000074   Code   RO         2511    i.prvProcessTimerOrBlockTask  timers.o
    0x08002f8c   0x08002f8c   0x00000034   Code   RO         2153    i.prvResetNextTaskUnblockTime  tasks.o
    0x08002fc0   0x08002fc0   0x0000002c   Code   RO         2512    i.prvSampleTimeNow  timers.o
    0x08002fec   0x08002fec   0x000000bc   Code   RO         2513    i.prvSwitchTimerLists  timers.o
    0x080030a8   0x080030a8   0x00000070   Code   RO         2636    i.prvTaskExitError  port.o
    0x08003118   0x08003118   0x0000001a   Code   RO         2514    i.prvTimerTask      timers.o
    0x08003132   0x08003132   0x00000092   Code   RO         1919    i.prvUnlockQueue    queue.o
    0x080031c4   0x080031c4   0x00000022   Code   RO         2872    i.prveMBError2Exception  mbutils.o
    0x080031e6   0x080031e6   0x00000002   PAD
    0x080031e8   0x080031e8   0x00000154   Code   RO         2714    i.pvPortMalloc      heap_4.o
    0x0800333c   0x0800333c   0x00000020   Code   RO         2157    i.pvTaskIncrementMutexHeldCount  tasks.o
    0x0800335c   0x0800335c   0x00000024   Code   RO         2637    i.pxPortInitialiseStack  port.o
    0x08003380   0x08003380   0x00000090   Code   RO          351    i.read_data         im1281b.o
    0x08003410   0x08003410   0x00000120   Code   RO          445    i.recv              socket.o
    0x08003530   0x08003530   0x00000028   Code   RO          587    i.reg_wizchip_cris_cbfunc  wizchip_conf.o
    0x08003558   0x08003558   0x00000028   Code   RO          588    i.reg_wizchip_cs_cbfunc  wizchip_conf.o
    0x08003580   0x08003580   0x00000034   Code   RO          589    i.reg_wizchip_spi_cbfunc  wizchip_conf.o
    0x080035b4   0x080035b4   0x0000002c   Code   RO          831    i.relay_init        jdq.o
    0x080035e0   0x080035e0   0x00000010   Code   RO          832    i.relay_off         jdq.o
    0x080035f0   0x080035f0   0x00000010   Code   RO          833    i.relay_on          jdq.o
    0x08003600   0x08003600   0x00000180   Code   RO          447    i.send              socket.o
    0x08003780   0x08003780   0x00000194   Code   RO          450    i.socket            socket.o
    0x08003914   0x08003914   0x000000f4   Code   RO          986    i.spi_init          spi.o
    0x08003a08   0x08003a08   0x000000c0   Code   RO            5    i.start_task        main.o
    0x08003ac8   0x08003ac8   0x00000128   Code   RO            6    i.tcpsever_task     main.o
    0x08003bf0   0x08003bf0   0x000000ac   Code   RO          933    i.uart_init         usart.o
    0x08003c9c   0x08003c9c   0x000000bc   Code   RO          352    i.usart3_init       im1281b.o
    0x08003d58   0x08003d58   0x00000028   Code   RO         1875    i.uxListRemove      list.o
    0x08003d80   0x08003d80   0x0000001a   Code   RO         1876    i.vListInitialise   list.o
    0x08003d9a   0x08003d9a   0x00000006   Code   RO         1877    i.vListInitialiseItem  list.o
    0x08003da0   0x08003da0   0x00000034   Code   RO         1878    i.vListInsert       list.o
    0x08003dd4   0x08003dd4   0x00000018   Code   RO         1879    i.vListInsertEnd    list.o
    0x08003dec   0x08003dec   0x00000002   Code   RO         3026    i.vMBTCPPortDisable  porttcp.o
    0x08003dee   0x08003dee   0x00000002   PAD
    0x08003df0   0x08003df0   0x00000088   Code   RO         2639    i.vPortEnterCritical  port.o
    0x08003e78   0x08003e78   0x00000070   Code   RO         2640    i.vPortExitCritical  port.o
    0x08003ee8   0x08003ee8   0x000000b8   Code   RO         2715    i.vPortFree         heap_4.o
    0x08003fa0   0x08003fa0   0x00000020   Code   RO         2641    i.vPortSetupTimerInterrupt  port.o
    0x08003fc0   0x08003fc0   0x000000a0   Code   RO         2642    i.vPortValidateInterruptPriority  port.o
    0x08004060   0x08004060   0x0000002c   Code   RO         1925    i.vQueueAddToRegistry  queue.o
    0x0800408c   0x0800408c   0x0000004a   Code   RO         1929    i.vQueueWaitForMessageRestricted  queue.o
    0x080040d6   0x080040d6   0x00000002   PAD
    0x080040d8   0x080040d8   0x00000074   Code   RO         2165    i.vTaskDelay        tasks.o
    0x0800414c   0x0800414c   0x0000010c   Code   RO         2167    i.vTaskDelete       tasks.o
    0x08004258   0x08004258   0x0000000c   Code   RO         2171    i.vTaskMissedYield  tasks.o
    0x08004264   0x08004264   0x00000054   Code   RO         2173    i.vTaskPlaceOnEventList  tasks.o
    0x080042b8   0x080042b8   0x0000005c   Code   RO         2174    i.vTaskPlaceOnEventListRestricted  tasks.o
    0x08004314   0x08004314   0x000000b0   Code   RO         2176    i.vTaskPriorityInherit  tasks.o
    0x080043c4   0x080043c4   0x0000004c   Code   RO         2180    i.vTaskSetTimeOutState  tasks.o
    0x08004410   0x08004410   0x000000ac   Code   RO         2181    i.vTaskStartScheduler  tasks.o
    0x080044bc   0x080044bc   0x00000010   Code   RO         2183    i.vTaskSuspendAll   tasks.o
    0x080044cc   0x080044cc   0x000000a8   Code   RO         2184    i.vTaskSwitchContext  tasks.o
    0x08004574   0x08004574   0x00000030   Code   RO          353    i.wifi_null         im1281b.o
    0x080045a4   0x080045a4   0x00000084   Code   RO          527    i.wiz_recv_data     w5500.o
    0x08004628   0x08004628   0x00000084   Code   RO          529    i.wiz_send_data     w5500.o
    0x080046ac   0x080046ac   0x00000006   Code   RO          591    i.wizchip_bus_readdata  wizchip_conf.o
    0x080046b2   0x080046b2   0x00000004   Code   RO          592    i.wizchip_bus_writedata  wizchip_conf.o
    0x080046b6   0x080046b6   0x0000003c   Code   RO          593    i.wizchip_clrinterrupt  wizchip_conf.o
    0x080046f2   0x080046f2   0x00000002   Code   RO          594    i.wizchip_cris_enter  wizchip_conf.o
    0x080046f4   0x080046f4   0x00000002   Code   RO          595    i.wizchip_cris_exit  wizchip_conf.o
    0x080046f6   0x080046f6   0x00000002   Code   RO          596    i.wizchip_cs_deselect  wizchip_conf.o
    0x080046f8   0x080046f8   0x00000002   Code   RO          597    i.wizchip_cs_select  wizchip_conf.o
    0x080046fa   0x080046fa   0x0000002a   Code   RO          598    i.wizchip_getinterrupt  wizchip_conf.o
    0x08004724   0x08004724   0x00000028   Code   RO          599    i.wizchip_getinterruptmask  wizchip_conf.o
    0x0800474c   0x0800474c   0x0000005c   Code   RO          600    i.wizchip_getnetinfo  wizchip_conf.o
    0x080047a8   0x080047a8   0x0000000a   Code   RO          601    i.wizchip_getnetmode  wizchip_conf.o
    0x080047b2   0x080047b2   0x00000028   Code   RO          602    i.wizchip_gettimeout  wizchip_conf.o
    0x080047da   0x080047da   0x00000090   Code   RO          603    i.wizchip_init      wizchip_conf.o
    0x0800486a   0x0800486a   0x0000001e   Code   RO          604    i.wizchip_setinterruptmask  wizchip_conf.o
    0x08004888   0x08004888   0x00000058   Code   RO          605    i.wizchip_setnetinfo  wizchip_conf.o
    0x080048e0   0x080048e0   0x00000026   Code   RO          606    i.wizchip_setnetmode  wizchip_conf.o
    0x08004906   0x08004906   0x00000026   Code   RO          607    i.wizchip_settimeout  wizchip_conf.o
    0x0800492c   0x0800492c   0x00000004   Code   RO          609    i.wizchip_spi_readbyte  wizchip_conf.o
    0x08004930   0x08004930   0x00000002   Code   RO          611    i.wizchip_spi_writebyte  wizchip_conf.o
    0x08004932   0x08004932   0x00000072   Code   RO          612    i.wizchip_sw_reset  wizchip_conf.o
    0x080049a4   0x080049a4   0x00000078   Code   RO          613    i.wizphy_getphyconf  wizchip_conf.o
    0x08004a1c   0x08004a1c   0x00000018   Code   RO          614    i.wizphy_getphylink  wizchip_conf.o
    0x08004a34   0x08004a34   0x0000001e   Code   RO          615    i.wizphy_getphypmode  wizchip_conf.o
    0x08004a52   0x08004a52   0x00000034   Code   RO          617    i.wizphy_reset      wizchip_conf.o
    0x08004a86   0x08004a86   0x00000058   Code   RO          618    i.wizphy_setphyconf  wizchip_conf.o
    0x08004ade   0x08004ade   0x00000064   Code   RO          619    i.wizphy_setphypmode  wizchip_conf.o
    0x08004b42   0x08004b42   0x00000002   PAD
    0x08004b44   0x08004b44   0x00000024   Code   RO         2992    i.xMBPortEventGet   portevent.o
    0x08004b68   0x08004b68   0x00000010   Code   RO         2993    i.xMBPortEventInit  portevent.o
    0x08004b78   0x08004b78   0x00000018   Code   RO         2994    i.xMBPortEventPost  portevent.o
    0x08004b90   0x08004b90   0x00000020   Code   RO         3027    i.xMBTCPPortGetRequest  porttcp.o
    0x08004bb0   0x08004bb0   0x000000a0   Code   RO         3028    i.xMBTCPPortInit    porttcp.o
    0x08004c50   0x08004c50   0x0000002c   Code   RO         3029    i.xMBTCPPortSendResponse  porttcp.o
    0x08004c7c   0x08004c7c   0x0000002a   Code   RO         2873    i.xMBUtilGetBits    mbutils.o
    0x08004ca6   0x08004ca6   0x00000002   PAD
    0x08004ca8   0x08004ca8   0x000000a4   Code   RO         2874    i.xMBUtilSetBits    mbutils.o
    0x08004d4c   0x08004d4c   0x000000a0   Code   RO         2643    i.xPortStartScheduler  port.o
    0x08004dec   0x08004dec   0x00000034   Code   RO         2644    i.xPortSysTickHandler  port.o
    0x08004e20   0x08004e20   0x00000074   Code   RO         1934    i.xQueueGenericCreate  queue.o
    0x08004e94   0x08004e94   0x000001c8   Code   RO         1935    i.xQueueGenericReceive  queue.o
    0x0800505c   0x0800505c   0x000000b0   Code   RO         1936    i.xQueueGenericReset  queue.o
    0x0800510c   0x0800510c   0x000001c4   Code   RO         1937    i.xQueueGenericSend  queue.o
    0x080052d0   0x080052d0   0x00000110   Code   RO         1938    i.xQueueGenericSendFromISR  queue.o
    0x080053e0   0x080053e0   0x000000a0   Code   RO         2185    i.xTaskCheckForTimeOut  tasks.o
    0x08005480   0x08005480   0x00000060   Code   RO         2186    i.xTaskCreate       tasks.o
    0x080054e0   0x080054e0   0x00000020   Code   RO         2190    i.xTaskGetSchedulerState  tasks.o
    0x08005500   0x08005500   0x0000000c   Code   RO         2191    i.xTaskGetTickCount  tasks.o
    0x0800550c   0x0800550c   0x00000160   Code   RO         2193    i.xTaskIncrementTick  tasks.o
    0x0800566c   0x0800566c   0x000000d8   Code   RO         2196    i.xTaskPriorityDisinherit  tasks.o
    0x08005744   0x08005744   0x000000b4   Code   RO         2197    i.xTaskRemoveFromEventList  tasks.o
    0x080057f8   0x080057f8   0x00000120   Code   RO         2199    i.xTaskResumeAll    tasks.o
    0x08005918   0x08005918   0x00000074   Code   RO         2518    i.xTimerCreateTimerTask  timers.o
    0x0800598c   0x0800598c   0x000000a4   Code   RO         2519    i.xTimerGenericCommand  timers.o
    0x08005a30   0x08005a30   0x00000010   Data   RO          620    .constdata          wizchip_conf.o
    0x08005a40   0x08005a40   0x00000020   Data   RO         3323    Region$$Table       anon$$obj.o


    Execution Region ER_RW (Exec base: 0x20000000, Load base: 0x08005a60, Size: 0x000001f8, Max: 0xffffffff, ABSOLUTE, COMPRESSED[0x00000098])

    Exec Addr    Load Addr    Size         Type   Attr      Idx    E Section Name        Object

    0x20000000   COMPRESSED   0x0000001c   Data   RW            8    .data               main.o
    0x2000001c   COMPRESSED   0x00000014   Data   RW          302    .data               system_stm32f10x.o
    0x20000030   COMPRESSED   0x00000022   Data   RW          355    .data               im1281b.o
    0x20000052   COMPRESSED   0x0000000e   Data   RW          452    .data               socket.o
    0x20000060   COMPRESSED   0x00000048   Data   RW          621    .data               wizchip_conf.o
    0x200000a8   COMPRESSED   0x00000004   Data   RW          860    .data               delay.o
    0x200000ac   COMPRESSED   0x00000006   Data   RW          935    .data               usart.o
    0x200000b2   COMPRESSED   0x00000014   Data   RW         1260    .data               stm32f10x_rcc.o
    0x200000c6   COMPRESSED   0x00000002   PAD
    0x200000c8   COMPRESSED   0x0000003c   Data   RW         2202    .data               tasks.o
    0x20000104   COMPRESSED   0x00000014   Data   RW         2527    .data               timers.o
    0x20000118   COMPRESSED   0x0000000c   Data   RW         2645    .data               port.o
    0x20000124   COMPRESSED   0x00000018   Data   RW         2720    .data               heap_4.o
    0x2000013c   COMPRESSED   0x00000002   Data   RW         2854    .data               mbfuncother.o
    0x2000013e   COMPRESSED   0x00000002   PAD
    0x20000140   COMPRESSED   0x000000b5   Data   RW         2942    .data               mb.o
    0x200001f5   COMPRESSED   0x00000002   Data   RW         2995    .data               portevent.o
    0x200001f7   COMPRESSED   0x00000001   Data   RW         3031    .data               porttcp.o


    Execution Region ER_ZI (Exec base: 0x200001f8, Load base: 0x08005af8, Size: 0x000044e8, Max: 0xffffffff, ABSOLUTE)

    Exec Addr    Load Addr    Size         Type   Attr      Idx    E Section Name        Object

    0x200001f8        -       0x00001000   Zero   RW            7    .bss                main.o
    0x200011f8        -       0x000001e0   Zero   RW          354    .bss                im1281b.o
    0x200013d8        -       0x00000010   Zero   RW          405    .bss                dht11.o
    0x200013e8        -       0x00000010   Zero   RW          451    .bss                socket.o
    0x200013f8        -       0x000000c8   Zero   RW          934    .bss                usart.o
    0x200014c0        -       0x00000040   Zero   RW         1949    .bss                queue.o
    0x20001500        -       0x000002e4   Zero   RW         2201    .bss                tasks.o
    0x200017e4        -       0x00000028   Zero   RW         2526    .bss                timers.o
    0x2000180c        -       0x00002800   Zero   RW         2719    .bss                heap_4.o
    0x2000400c        -       0x00000020   Zero   RW         2853    .bss                mbfuncother.o
    0x2000402c        -       0x00000054   Zero   RW         3030    .bss                porttcp.o
    0x20004080        -       0x00000060   Zero   RW         3209    .bss                c_w.l(libspace.o)
    0x200040e0        -       0x00000200   Zero   RW         1048    HEAP                startup_stm32f10x_md.o
    0x200042e0        -       0x00000400   Zero   RW         1047    STACK               startup_stm32f10x_md.o


==============================================================================

Image component sizes


      Code (inc. data)   RO Data    RW Data    ZI Data      Debug   Object Name

       244         26          0          4          0       2317   delay.o
       412         28          0          0         16       3584   dht11.o
         0          0          0          0          0      11788   event_groups.o
       752        176          0         24      10240       3831   heap_4.o
       900        132          0         34        480       5875   im1281b.o
        76         14          0          0          0       1360   jdq.o
       148          0          0          0          0       3026   list.o
       792        282          0         28       4096     259357   main.o
       488        102          0        181          0       4155   mb.o
       430          0          0          0          0       4422   mbfunccoils.o
       172          0          0          0          0       1624   mbfuncdisc.o
       528          0          0          0          0       5055   mbfuncholding.o
       140          0          0          0          0       1579   mbfuncinput.o
        40         10          0          2         32       1415   mbfuncother.o
       150          0          0          0          0       3639   mbtcp.o
       240         60          0          0          0       2678   mbutils.o
       172         22          0          0          0       2049   misc.o
       950        320          0         12          0      10125   port.o
        76         24          0          2          0       2128   portevent.o
       682        114          0          1         84       6759   porttcp.o
      2164        238          0          0         64      12841   queue.o
      1394         54          0         14         16       4973   socket.o
       448         38          0          0          0      19032   spi.o
        64         26        236          0       1536        796   startup_stm32f10x_md.o
       304          0          0          0          0       3648   stm32f10x_gpio.o
        20          0          0          0          0       2465   stm32f10x_it.o
       340         44          0         20          0       5568   stm32f10x_rcc.o
        90          0          0          0          0       2665   stm32f10x_spi.o
       628         28          0          0          0       7394   stm32f10x_usart.o
         0          0          0          0          0         32   sys.o
       328         28          0         20          0       2077   system_stm32f10x.o
      3406        878          0         60        740      28507   tasks.o
      1310        312          0         20         40       8423   timers.o
       344         28          0          6        200       4599   usart.o
       988         16          0          0          0       5776   w5500.o
      1834        120         16         72          0      23076   wizchip_conf.o

    ----------------------------------------------------------------------
     21080       3120        284        504      17544     468638   Object Totals
         0          0         32          0          0          0   (incl. Generated)
        26          0          0          4          0          0   (incl. Padding)

    ----------------------------------------------------------------------

      Code (inc. data)   RO Data    RW Data    ZI Data      Debug   Library Member Name

        90          0          0          0          0          0   __dczerorl2.o
         8          0          0          0          0         68   __main.o
       184          0          0          0          0         84   __printf_ss.o
         0          0          0          0          0          0   __rtentry.o
        12          0          0          0          0          0   __rtentry2.o
         6          0          0          0          0          0   __rtentry4.o
        52          8          0          0          0          0   __scatter.o
        28          0          0          0          0          0   __scatter_zi.o
        44          0          0          0          0        108   _printf_char.o
        48          6          0          0          0         96   _printf_char_common.o
        36          4          0          0          0         80   _printf_char_file.o
         6          0          0          0          0          0   _printf_d.o
       120         16          0          0          0         92   _printf_dec.o
       178          0          0          0          0         88   _printf_intcommon.o
         0          0          0          0          0          0   _printf_percent.o
         4          0          0          0          0          0   _printf_percent_end.o
         6          0          0          0          0          0   _printf_s.o
        82          0          0          0          0         80   _printf_str.o
         6          0          0          0          0          0   _printf_u.o
        22          0          0          0          0         80   abort.o
        16          0          0          0          0         68   aeabi_memset.o
       128         42          0          0          0         76   assert.o
        20          0          0          0          0         76   assert_puts.o
        48         34          0          0          0         76   defsig_abrt_inner.o
        14          0          0          0          0         80   defsig_abrt_outer.o
        10          0          0          0          0         68   defsig_exit.o
        50          0          0          0          0         88   defsig_general.o
        18          0          0          0          0         80   exit.o
         8          0          0          0          0         68   ferror.o
         6          0          0          0          0        152   heapauxi.o
         2          0          0          0          0          0   libinit.o
         2          0          0          0          0          0   libinit2.o
         2          0          0          0          0          0   libshutdown.o
         2          0          0          0          0          0   libshutdown2.o
         8          4          0          0         96         68   libspace.o
        24          4          0          0          0         84   noretval__2printf.o
        68          0          0          0          0         68   rt_memclr.o
        78          0          0          0          0         80   rt_memclr_w.o
       138          0          0          0          0         68   rt_memcpy_v6.o
       100          0          0          0          0         80   rt_memcpy_w.o
         2          0          0          0          0          0   rtexit.o
        10          0          0          0          0          0   rtexit2.o
        74          0          0          0          0         80   sys_stackheap_outer.o
         2          0          0          0          0         68   use_no_semi.o
         2          0          0          0          0         68   use_no_semi_2.o

    ----------------------------------------------------------------------
      1772        118          0          0         96       2272   Library Totals
         8          0          0          0          0          0   (incl. Padding)

    ----------------------------------------------------------------------

      Code (inc. data)   RO Data    RW Data    ZI Data      Debug   Library Name

      1764        118          0          0         96       2272   c_w.l

    ----------------------------------------------------------------------
      1772        118          0          0         96       2272   Library Totals

    ----------------------------------------------------------------------

==============================================================================


      Code (inc. data)   RO Data    RW Data    ZI Data      Debug   

     22852       3238        284        504      17640     458478   Grand Totals
     22852       3238        284        152      17640     458478   ELF Image Totals (compressed)
     22852       3238        284        152          0          0   ROM Totals

==============================================================================

    Total RO  Size (Code + RO Data)                23136 (  22.59kB)
    Total RW  Size (RW Data + ZI Data)             18144 (  17.72kB)
    Total ROM Size (Code + RO Data + RW Data)      23288 (  22.74kB)

==============================================================================

