<html>
<body>
<pre>
<h1>礦ision Build Log</h1>
<h2>Tool Versions:</h2>
IDE-Version: μVision V5.24.2.0
Copyright (C) 2017 ARM Ltd and ARM Germany GmbH. All rights reserved.
License Information: 1 DELL, 1, LIC=----
 
Tool Versions:
Toolchain:       MDK-Lite  Version: 5.24.1
Toolchain Path:  C:\Keil_v5\ARM\ARMCC\Bin
C Compiler:      Armcc.exe V5.06 update 5 (build 528)
Assembler:       Armasm.exe V5.06 update 5 (build 528)
Linker/Locator:  ArmLink.exe V5.06 update 5 (build 528)
Library Manager: ArmAr.exe V5.06 update 5 (build 528)
Hex Converter:   FromElf.exe V5.06 update 5 (build 528)
CPU DLL:         SARMCM3.DLL V5.24.1
Dialog DLL:      DCM.DLL V1.16.0.0
Target DLL:      STLink\ST-LINKIII-KEIL_SWO.dll V3.0.1.0
Dialog DLL:      TCM.DLL V1.32.0.0
 
<h2>Project:</h2>
C:\Users\DELL\Desktop\第一组程序\FreeRTOS移植工程\USER\LED.uvprojx
Project File Date:  07/05/2023

<h2>Output:</h2>
*** Using Compiler 'V5.06 update 5 (build 528)', folder: 'C:\Keil_v5\ARM\ARMCC\Bin'
Rebuild target 'LED'
compiling w5500.c...
compiling main.c...
compiling core_cm3.c...
compiling socket.c...
assembling startup_stm32f10x_md.s...
compiling spi.c...
compiling stm32f10x_it.c...
compiling DHT11.c...
compiling led.c...
compiling system_stm32f10x.c...
compiling jdq.c...
compiling sys.c...
compiling delay.c...
compiling usart.c...
compiling IM1281B.c...
compiling wizchip_conf.c...
compiling stm32f10x_gpio.c...
compiling misc.c...
compiling stm32f10x_dbgmcu.c...
compiling mbfunccoils.c...
compiling mbfuncdiag.c...
compiling stm32f10x_rcc.c...
compiling mbfuncdisc.c...
compiling mbfuncholding.c...
compiling stm32f10x_spi.c...
compiling stm32f10x_usart.c...
compiling mbfuncinput.c...
compiling croutine.c...
compiling mbutils.c...
compiling mbfuncother.c...
compiling mbtcp.c...
compiling mb.c...
compiling list.c...
compiling event_groups.c...
compiling portevent.c...
compiling heap_4.c...
compiling timers.c...
compiling port.c...
compiling queue.c...
compiling tasks.c...
compiling porttcp.c...
linking...
Program Size: Code=22852 RO-data=284 RW-data=504 ZI-data=17640  
FromELF: creating hex file...
"..\OBJ\LED.axf" - 0 Error(s), 0 Warning(s).

<h2>Software Packages used:</h2>

Package Vendor: Keil
                http://www.keil.com/pack/Keil.STM32F1xx_DFP.2.2.0.pack
                Keil.STM32F1xx_DFP.2.2.0
                STMicroelectronics STM32F1 Series Device Support, Drivers and Examples

<h2>Collection of Component include folders:</h2>
  .\RTE\_LED
  C:\Keil_v5\ARM\PACK\Keil\STM32F1xx_DFP\2.2.0\Device\Include

<h2>Collection of Component Files used:</h2>
Build Time Elapsed:  00:00:01
</pre>
</body>
</html>
